Microchip MPLAB XC8 Compiler V2.46

Linker command line:

-W-3 \
  --edf=C:\Program Files\Microchip\xc8\v2.46\pic\dat\20240104201356_en.msgs \
  -cn -h+dist/default/debug\Temperature-Controlled_Fan_System.X.debug.sym \
  --cmf=dist/default/debug\Temperature-Controlled_Fan_System.X.debug.cmf -z \
  -Q16F877A -oC:\Users\PC\AppData\Local\Temp\xcAs8a0.\driver_tmp_3.o \
  --defsym=__MPLAB_BUILD=1 --fixupoverflow=error \
  -Mdist/default/debug/Temperature-Controlled_Fan_System.X.debug.map \
  --md=C:\Users\PC\AppData\Local\Temp\xcAs8a0.\driver_tmp_0.dat -E1 \
  -ver=XC8 Compiler --acfsm=1493 -ACODE=00h-07FFhx4 -ASTRCODE=00h-01FFFh \
  -ASTRING=00h-0FFhx32 -ACONST=00h-0FFhx32 -AENTRY=00h-0FFhx32 \
  -ACOMMON=070h-07Fh -ABANK0=020h-06Fh -ABANK1=0A0h-0EFh \
  -ABANK2=0110h-016Fh -ABANK3=0190h-01EFh \
  -ARAM=020h-06Fh,0A0h-0EFh,0110h-016Fh,0190h-01EFh \
  -AABS1=020h-07Fh,0A0h-0EFh,0110h-016Fh,0190h-01EFh -ASFR0=00h-01Fh \
  -ASFR1=080h-09Fh -ASFR2=0100h-010Fh -ASFR3=0180h-018Fh \
  -ACONFIG=02007h-02007h -DCONFIG=2 -AIDLOC=02000h-02003h -DIDLOC=2 \
  -AEEDATA=00h-0FFh/02100h -peeprom_data=EEDATA -DEEDATA=2 -DCODE=2 \
  -DSTRCODE=2 -DSTRING=2 -DCONST=2 -DENTRY=2 \
  -preset_vec=00h,intentry,sivt,init,end_init -ppowerup=CODE -pcinit=CODE \
  -pfunctab=ENTRY -k \
  C:\Users\PC\AppData\Local\Temp\xcAs8a0.\driver_tmp_12.o \
  dist/default/debug\Temperature-Controlled_Fan_System.X.debug.o 

Object code version is 3.11

Machine type is 16F877A



                Name                               Link     Load   Length Selector   Space Scale
C:\Users\PC\AppData\Local\Temp\xcAs8a0.\driver_tmp_12.o
                end_init                              0        0        3        0       0
                config                             2007     2007        1        0       4
dist/default/debug\Temperature-Controlled_Fan_System.X.debug.o
                cinit                               7EE      7EE       12      FDC       0
                config                             2007     2007        1        0       4
                text9                               636      636       D8      C6C       0
                text8                               70E      70E       E0      E1C       0
                text7                               5A3      5A3       93      B46       0
                text6                               4CD      4CD       17      99A       0
                text5                               4AD      4AD        D      95A       0
                text4                               4A7      4A7        6      94E       0
                text3                               515      515       1A      A2A       0
                text2                               4FC      4FC       19      9F8       0
                text1                               52F      52F       1A      A5E       0
                maintext                            549      549       5A      A92       0
                cstackBANK0                          38       38        3       20       1
                cstackCOMMON                         70       70        E       70       1
                inittext                            4BA      4BA       13      974       0
                dataBANK0                            20       20       18       20       1
                idataBANK0                          4E4      4E4       18      9C8       0

TOTAL           Name                               Link     Load   Length     Space
        CLASS   CODE           
                end_init                              0        0        3         0
                cinit                               7EE      7EE       12         0
                text9                               636      636       D8         0
                text8                               70E      70E       E0         0
                text7                               5A3      5A3       93         0
                text6                               4CD      4CD       17         0
                text5                               4AD      4AD        D         0
                text4                               4A7      4A7        6         0
                text3                               515      515       1A         0
                text2                               4FC      4FC       19         0
                text1                               52F      52F       1A         0
                maintext                            549      549       5A         0
                inittext                            4BA      4BA       13         0
                idataBANK0                          4E4      4E4       18         0

        CLASS   STRCODE        

        CLASS   STRING         

        CLASS   CONST          

        CLASS   ENTRY          

        CLASS   COMMON         
                cstackCOMMON                         70       70        E         1

        CLASS   BANK0          
                cstackBANK0                          38       38        3         1
                dataBANK0                            20       20       18         1

        CLASS   BANK1          

        CLASS   BANK2          

        CLASS   BANK3          

        CLASS   RAM            

        CLASS   ABS1           
                abs_s1                               7E       7E        2         1

        CLASS   SFR0           

        CLASS   SFR1           

        CLASS   SFR2           

        CLASS   SFR3           

        CLASS   CONFIG         
                config                             2007     2007        1         4

        CLASS   IDLOC          

        CLASS   EEDATA         

        CLASS   HEAP           

        CLASS   STACK          



SEGMENTS        Name                           Load    Length   Top    Selector   Space  Class     Delta

                reset_vec                      000000  000003  000003         0       0  CODE        2
                dataBANK0                      000020  00001B  00003B        20       1  BANK0       1
                cstackCOMMON                   000070  00000E  00007E        70       1  COMMON      1
                text4                          0004A7  000006  0004AD       94E       0  CODE        2
                text5                          0004AD  00000D  0004BA       95A       0  CODE        2
                inittext                       0004BA  000013  0004CD       974       0  CODE        2
                text6                          0004CD  000017  0004E4       99A       0  CODE        2
                idataBANK0                     0004E4  000018  0004FC       9C8       0  CODE        2
                text2                          0004FC  000019  000515       9F8       0  CODE        2
                text3                          000515  00001A  00052F       A2A       0  CODE        2
                text1                          00052F  00001A  000549       A5E       0  CODE        2
                maintext                       000549  00005A  0005A3       A92       0  CODE        2
                text7                          0005A3  000093  000636       B46       0  CODE        2
                text9                          000636  0000D8  00070E       C6C       0  CODE        2
                text8                          00070E  0000E0  0007EE       E1C       0  CODE        2
                cinit                          0007EE  000012  000800       FDC       0  CODE        2


UNUSED ADDRESS RANGES

        Name                Unused          Largest block    Delta
        BANK0            003B-006F             35           1
        BANK1            00A0-00EF             50           1
        BANK2            0110-016F             60           1
        BANK3            0190-01EF             60           1
        CODE             0003-04A6            4A4           2
                         0800-1FFF            800
        CONST            0003-04A6            100           2
                         0800-1FFF            100
        EEDATA           2100-21FF            100           2
        ENTRY            0003-04A6            100           2
                         0800-1FFF            100
        IDLOC            2000-2003              4           2
        RAM              003B-006F             35           1
                         00A0-00EF             50
                         0110-016F             60
                         0190-01EF             60
        SFR0             0000-001F             20           1
        SFR1             0080-009F             20           1
        SFR2             0100-010F             10           1
        SFR3             0180-018F             10           1
        STRCODE          0003-04A6            4A4           2
                         0800-1FFF           1800
        STRING           0003-04A6            100           2
                         0800-1FFF            100

                                  Symbol Table

_PORTA                                 (abs)        0005
_PORTB                                 (abs)        0006
_PORTC                                 (abs)        0007
_PORTD                                 (abs)        0008
_PORTE                                 (abs)        0009
_TRISA                                 (abs)        0085
_TRISB                                 (abs)        0086
_TRISC                                 (abs)        0087
_TRISD                                 (abs)        0088
_TRISE                                 (abs)        0089
__H__absolute__                        __absolute__ 0000
__Habs1                                abs1         0000
__Hbank0                               bank0        0000
__Hbank1                               bank1        0000
__Hbank2                               bank2        0000
__Hbank3                               bank3        0000
__Hcinit                               cinit        0800
__Hclrtext                             clrtext      0000
__Hcode                                code         0000
__Hcommon                              common       0000
__Hconfig                              config       2008
__HcstackBANK0                         cstackBANK0  0000
__HcstackCOMMON                        cstackCOMMON 0000
__HdataBANK0                           dataBANK0    0000
__Heeprom_data                         eeprom_data  0000
__Hend_init                            end_init     0003
__Hfunctab                             functab      0000
__Hheap                                heap         0000
__HidataBANK0                          idataBANK0   0000
__Hinit                                init         0000
__Hinittext                            inittext     0000
__Hintentry                            intentry     0000
__Hmaintext                            maintext     0000
__Hpowerup                             powerup      0000
__Hram                                 ram          0000
__Hreset_vec                           reset_vec    0000
__Hsfr0                                sfr0         0000
__Hsfr1                                sfr1         0000
__Hsfr2                                sfr2         0000
__Hsfr3                                sfr3         0000
__Hsivt                                sivt         0000
__Hspace_0                             (abs)        0800
__Hspace_1                             (abs)        007E
__Hspace_2                             (abs)        0000
__Hspace_3                             (abs)        0000
__Hspace_4                             (abs)        400F
__Hstack                               stack        0000
__Hstrings                             strings      0000
__Htext                                text         0000
__L__absolute__                        __absolute__ 0000
__Labs1                                abs1         0000
__Lbank0                               bank0        0000
__Lbank1                               bank1        0000
__Lbank2                               bank2        0000
__Lbank3                               bank3        0000
__Lcinit                               cinit        07EE
__Lclrtext                             clrtext      0000
__Lcode                                code         0000
__Lcommon                              common       0000
__Lconfig                              config       0000
__LcstackBANK0                         cstackBANK0  0000
__LcstackCOMMON                        cstackCOMMON 0000
__LdataBANK0                           dataBANK0    0000
__Leeprom_data                         eeprom_data  0000
__Lend_init                            end_init     0000
__Lfunctab                             functab      0000
__Lheap                                heap         0000
__LidataBANK0                          idataBANK0   0000
__Linit                                init         0000
__Linittext                            inittext     0000
__Lintentry                            intentry     0000
__Lmaintext                            maintext     0000
__Lpowerup                             powerup      0000
__Lram                                 ram          0000
__Lreset_vec                           reset_vec    0000
__Lsfr0                                sfr0         0000
__Lsfr1                                sfr1         0000
__Lsfr2                                sfr2         0000
__Lsfr3                                sfr3         0000
__Lsivt                                sivt         0000
__Lspace_0                             (abs)        0000
__Lspace_1                             (abs)        0000
__Lspace_2                             (abs)        0000
__Lspace_3                             (abs)        0000
__Lspace_4                             (abs)        0000
__Lstack                               stack        0000
__Lstrings                             strings      0000
__Ltext                                text         0000
__S0                                   (abs)        0800
__S1                                   (abs)        007E
__S3                                   (abs)        0000
___heap_hi                             (abs)        0000
___heap_lo                             (abs)        0000
___int_sp                              stack        0000
___int_stack_hi                        stack        0000
___int_stack_lo                        stack        0000
___latbits                             (abs)        0002
___sp                                  stack        0000
___stack_hi                            stack        0000
___stack_lo                            stack        0000
___stackhi                             (abs)        0000
___stacklo                             (abs)        0000
__end_of__initialization               cinit        07FC
__end_of_apllication_initilaize        text4        04AD
__end_of_ecu_initialzie                text5        04BA
__end_of_gpio_pin_direction_initialize text9        070E
__end_of_gpio_pin_initialize           text7        0636
__end_of_gpio_pin_write_logic          text8        07EE
__end_of_main                          maintext     05A3
__end_of_motor_initialize              text6        04E4
__end_of_motor_turn_left               text3        052F
__end_of_motor_turn_off                text2        0515
__end_of_motor_turn_right              text1        0549
__initialization                       cinit        07EE
__pcstackBANK0                         cstackBANK0  0038
__pcstackCOMMON                        cstackCOMMON 0070
__pdataBANK0                           dataBANK0    0020
__pidataBANK0                          idataBANK0   04E4
__pmaintext                            maintext     0549
__ptext1                               text1        052F
__ptext2                               text2        04FC
__ptext3                               text3        0515
__ptext4                               text4        04A7
__ptext5                               text5        04AD
__ptext6                               text6        04CD
__ptext7                               text7        05A3
__ptext8                               text8        070E
__ptext9                               text9        0636
_apllication_initilaize                text4        04A7
_ecu_initialzie                        text5        04AD
_gpio_pin_direction_initialize         text9        0636
_gpio_pin_initialize                   text7        05A3
_gpio_pin_write_logic                  text8        070E
_main                                  maintext     0549
_motor1                                dataBANK0    0036
_motor2                                dataBANK0    0034
_motor_initialize                      text6        04CD
_motor_turn_left                       text3        0515
_motor_turn_off                        text2        04FC
_motor_turn_right                      text1        052F
_port_registers                        dataBANK0    0020
_tris_registers                        dataBANK0    002A
btemp                                  (abs)        007E
end_of_initialization                  cinit        07FC
gpio_pin_direction_initialize@pin      cstackCOMMON 0075
gpio_pin_initialize@pin                cstackCOMMON 007B
gpio_pin_initialize@ret                cstackCOMMON 007A
gpio_pin_write_logic@logic             cstackCOMMON 0070
gpio_pin_write_logic@pin               cstackCOMMON 0077
gpio_pin_write_logic@ret               cstackCOMMON 0076
init_fetch0                            inittext     04BA
init_ram0                              inittext     04BE
intlevel0                              functab      0000
intlevel1                              functab      0000
intlevel2                              functab      0000
intlevel3                              functab      0000
intlevel4                              functab      0000
intlevel5                              functab      0000
motor_initialize@motor                 cstackCOMMON 007D
motor_initialize@ret                   cstackCOMMON 007C
motor_turn_left@motor                  cstackCOMMON 0079
motor_turn_left@ret                    cstackCOMMON 0078
motor_turn_off@motor                   cstackCOMMON 0079
motor_turn_off@ret                     cstackCOMMON 0078
motor_turn_right@motor                 cstackCOMMON 0079
motor_turn_right@ret                   cstackCOMMON 0078
reset_vec                              reset_vec    0000
start                                  init         0000
start_initialization                   cinit        07EE
wtemp0                                 (abs)        007E


MODULE INFORMATION

Module		Function		Class		Link	Load	Size
Temperature_Controlled_Fan_System.c
		_main          		CODE           	0549	0000	90
		_apllication_initilaize		CODE           	04A7	0000	6

Temperature_Controlled_Fan_System.c estimated size: 96

MCAL_LAYER/GPIO/mcal_gpio.c
		_gpio_pin_write_logic		CODE           	070E	0000	224
		_gpio_pin_direction_initialize		CODE           	0636	0000	216
		_gpio_pin_initialize		CODE           	05A3	0000	147

MCAL_LAYER/GPIO/mcal_gpio.c estimated size: 587

ECU_LAYER/ECU_LAYER.c
		_ecu_initialzie		CODE           	04AD	0000	13

ECU_LAYER/ECU_LAYER.c estimated size: 13

shared
		__initialization		CODE           	07EE	0000	14

shared estimated size: 14

ECU_LAYER/Motor/ecu_motor_driver.c
		_motor_turn_right		CODE           	052F	0000	26
		_motor_turn_off		CODE           	04FC	0000	25
		_motor_initialize		CODE           	04CD	0000	23
		_motor_turn_left		CODE           	0515	0000	26

ECU_LAYER/Motor/ecu_motor_driver.c estimated size: 100

