Microchip MPLAB XC8 Compiler V2.46

Linker command line:

-W-3 \
  --edf=C:\Program Files\Microchip\xc8\v2.46\pic\dat\20240104201356_en.msgs \
  -cn -h+dist/default/debug\Temperature-Controlled_Fan_System.X.debug.sym \
  --cmf=dist/default/debug\Temperature-Controlled_Fan_System.X.debug.cmf -z \
  -Q16F877A -oC:\Users\PC\AppData\Local\Temp\xcAshvg.\driver_tmp_3.o \
  --defsym=__MPLAB_BUILD=1 --fixupoverflow=error \
  -Mdist/default/debug/Temperature-Controlled_Fan_System.X.debug.map \
  --md=C:\Users\PC\AppData\Local\Temp\xcAshvg.\driver_tmp_0.dat -E1 \
  -ver=XC8 Compiler --acfsm=1493 -ACODE=00h-07FFhx4 -ASTRCODE=00h-01FFFh \
  -ASTRING=00h-0FFhx32 -ACONST=00h-0FFhx32 -AENTRY=00h-0FFhx32 \
  -ACOMMON=070h-07Fh -ABANK0=020h-06Fh -ABANK1=0A0h-0EFh \
  -ABANK2=0110h-016Fh -ABANK3=0190h-01EFh \
  -ARAM=020h-06Fh,0A0h-0EFh,0110h-016Fh,0190h-01EFh \
  -AABS1=020h-07Fh,0A0h-0EFh,0110h-016Fh,0190h-01EFh -ASFR0=00h-01Fh \
  -ASFR1=080h-09Fh -ASFR2=0100h-010Fh -ASFR3=0180h-018Fh \
  -ACONFIG=02007h-02007h -DCONFIG=2 -AIDLOC=02000h-02003h -DIDLOC=2 \
  -AEEDATA=00h-0FFh/02100h -peeprom_data=EEDATA -DEEDATA=2 -DCODE=2 \
  -DSTRCODE=2 -DSTRING=2 -DCONST=2 -DENTRY=2 \
  -preset_vec=00h,intentry,sivt,init,end_init -ppowerup=CODE -pcinit=CODE \
  -pfunctab=ENTRY -k \
  C:\Users\PC\AppData\Local\Temp\xcAshvg.\driver_tmp_12.o \
  dist/default/debug\Temperature-Controlled_Fan_System.X.debug.o 

Object code version is 3.11

Machine type is 16F877A



                Name                               Link     Load   Length Selector   Space Scale
C:\Users\PC\AppData\Local\Temp\xcAshvg.\driver_tmp_12.o
                end_init                              0        0        3        0       0
                config                             2007     2007        1        0       4
dist/default/debug\Temperature-Controlled_Fan_System.X.debug.o
                cinit                               7E0      7E0       20      FC0       0
                config                             2007     2007        1        0       4
                text4                               6A3      6A3       1F      D46       0
                text3                               6E1      6E1       51      DC2       0
                text2                               6C2      6C2       1F      D84       0
                text1                               732      732       51      E64       0
                maintext                            783      783       5D      F06       0
                cstackCOMMON                         70       70        8       70       1
                inittext                            67C      67C       13      CF8       0
                dataBANK0                            20       20       14       20       1
                dataCOMMON                           7A       7A        2       70       1
                bssCOMMON                            78       78        2       70       1
                idataBANK0                          68F      68F       14      D1E       0
                idataCOMMON                         67A      67A        2      CF4       0

TOTAL           Name                               Link     Load   Length     Space
        CLASS   CODE           
                end_init                              0        0        3         0
                cinit                               7E0      7E0       20         0
                text4                               6A3      6A3       1F         0
                text3                               6E1      6E1       51         0
                text2                               6C2      6C2       1F         0
                text1                               732      732       51         0
                maintext                            783      783       5D         0
                inittext                            67C      67C       13         0
                idataBANK0                          68F      68F       14         0
                idataCOMMON                         67A      67A        2         0

        CLASS   STRCODE        

        CLASS   STRING         

        CLASS   CONST          

        CLASS   ENTRY          

        CLASS   COMMON         
                cstackCOMMON                         70       70        8         1
                dataCOMMON                           7A       7A        2         1
                bssCOMMON                            78       78        2         1

        CLASS   BANK0          
                dataBANK0                            20       20       14         1

        CLASS   BANK1          

        CLASS   BANK2          

        CLASS   BANK3          

        CLASS   RAM            

        CLASS   ABS1           
                abs_s1                               7E       7E        2         1

        CLASS   SFR0           

        CLASS   SFR1           

        CLASS   SFR2           

        CLASS   SFR3           

        CLASS   CONFIG         
                config                             2007     2007        1         4

        CLASS   IDLOC          

        CLASS   EEDATA         

        CLASS   HEAP           

        CLASS   STACK          



SEGMENTS        Name                           Load    Length   Top    Selector   Space  Class     Delta

                reset_vec                      000000  000003  000003         0       0  CODE        2
                dataBANK0                      000020  000014  000034        20       1  BANK0       1
                cstackCOMMON                   000070  00000C  00007C        70       1  COMMON      1
                idataCOMMON                    00067A  000002  00067C       CF4       0  CODE        2
                inittext                       00067C  000013  00068F       CF8       0  CODE        2
                idataBANK0                     00068F  000014  0006A3       D1E       0  CODE        2
                text4                          0006A3  00001F  0006C2       D46       0  CODE        2
                text2                          0006C2  00001F  0006E1       D84       0  CODE        2
                text3                          0006E1  000051  000732       DC2       0  CODE        2
                text1                          000732  000051  000783       E64       0  CODE        2
                maintext                       000783  00005D  0007E0       F06       0  CODE        2
                cinit                          0007E0  000020  000800       FC0       0  CODE        2


UNUSED ADDRESS RANGES

        Name                Unused          Largest block    Delta
        BANK0            0034-006F             3C           1
        BANK1            00A0-00EF             50           1
        BANK2            0110-016F             60           1
        BANK3            0190-01EF             60           1
        CODE             0003-0679            677           2
                         0800-1FFF            800
        COMMON           007C-007D              2           1
        CONST            0003-0679            100           2
                         0800-1FFF            100
        EEDATA           2100-21FF            100           2
        ENTRY            0003-0679            100           2
                         0800-1FFF            100
        IDLOC            2000-2003              4           2
        RAM              0034-006F             3C           1
                         00A0-00EF             50
                         0110-016F             60
                         0190-01EF             60
        SFR0             0000-001F             20           1
        SFR1             0080-009F             20           1
        SFR2             0100-010F             10           1
        SFR3             0180-018F             10           1
        STRCODE          0003-0679            677           2
                         0800-1FFF           1800
        STRING           0003-0679            100           2
                         0800-1FFF            100

                                  Symbol Table

_PORTA                                   (abs)        0005
_PORTB                                   (abs)        0006
_PORTC                                   (abs)        0007
_PORTD                                   (abs)        0008
_PORTE                                   (abs)        0009
_TRISA                                   (abs)        0085
_TRISB                                   (abs)        0086
_TRISC                                   (abs)        0087
_TRISD                                   (abs)        0088
_TRISE                                   (abs)        0089
__H__absolute__                          __absolute__ 0000
__Habs1                                  abs1         0000
__Hbank0                                 bank0        0000
__Hbank1                                 bank1        0000
__Hbank2                                 bank2        0000
__Hbank3                                 bank3        0000
__HbssCOMMON                             bssCOMMON    0000
__Hcinit                                 cinit        0800
__Hclrtext                               clrtext      0000
__Hcode                                  code         0000
__Hcommon                                common       0000
__Hconfig                                config       2008
__HcstackCOMMON                          cstackCOMMON 0000
__HdataBANK0                             dataBANK0    0000
__HdataCOMMON                            dataCOMMON   0000
__Heeprom_data                           eeprom_data  0000
__Hend_init                              end_init     0003
__Hfunctab                               functab      0000
__Hheap                                  heap         0000
__HidataBANK0                            idataBANK0   0000
__HidataCOMMON                           idataCOMMON  0000
__Hinit                                  init         0000
__Hinittext                              inittext     0000
__Hintentry                              intentry     0000
__Hmaintext                              maintext     0000
__Hpowerup                               powerup      0000
__Hram                                   ram          0000
__Hreset_vec                             reset_vec    0000
__Hsfr0                                  sfr0         0000
__Hsfr1                                  sfr1         0000
__Hsfr2                                  sfr2         0000
__Hsfr3                                  sfr3         0000
__Hsivt                                  sivt         0000
__Hspace_0                               (abs)        0800
__Hspace_1                               (abs)        007C
__Hspace_2                               (abs)        0000
__Hspace_3                               (abs)        0000
__Hspace_4                               (abs)        400F
__Hstack                                 stack        0000
__Hstrings                               strings      0000
__Htext                                  text         0000
__L__absolute__                          __absolute__ 0000
__Labs1                                  abs1         0000
__Lbank0                                 bank0        0000
__Lbank1                                 bank1        0000
__Lbank2                                 bank2        0000
__Lbank3                                 bank3        0000
__LbssCOMMON                             bssCOMMON    0000
__Lcinit                                 cinit        07E0
__Lclrtext                               clrtext      0000
__Lcode                                  code         0000
__Lcommon                                common       0000
__Lconfig                                config       0000
__LcstackCOMMON                          cstackCOMMON 0000
__LdataBANK0                             dataBANK0    0000
__LdataCOMMON                            dataCOMMON   0000
__Leeprom_data                           eeprom_data  0000
__Lend_init                              end_init     0000
__Lfunctab                               functab      0000
__Lheap                                  heap         0000
__LidataBANK0                            idataBANK0   0000
__LidataCOMMON                           idataCOMMON  0000
__Linit                                  init         0000
__Linittext                              inittext     0000
__Lintentry                              intentry     0000
__Lmaintext                              maintext     0000
__Lpowerup                               powerup      0000
__Lram                                   ram          0000
__Lreset_vec                             reset_vec    0000
__Lsfr0                                  sfr0         0000
__Lsfr1                                  sfr1         0000
__Lsfr2                                  sfr2         0000
__Lsfr3                                  sfr3         0000
__Lsivt                                  sivt         0000
__Lspace_0                               (abs)        0000
__Lspace_1                               (abs)        0000
__Lspace_2                               (abs)        0000
__Lspace_3                               (abs)        0000
__Lspace_4                               (abs)        0000
__Lstack                                 stack        0000
__Lstrings                               strings      0000
__Ltext                                  text         0000
__S0                                     (abs)        0800
__S1                                     (abs)        007C
__S3                                     (abs)        0000
___heap_hi                               (abs)        0000
___heap_lo                               (abs)        0000
___int_sp                                stack        0000
___int_stack_hi                          stack        0000
___int_stack_lo                          stack        0000
___latbits                               (abs)        0002
___sp                                    stack        0000
___stack_hi                              stack        0000
___stack_lo                              stack        0000
___stackhi                               (abs)        0000
___stacklo                               (abs)        0000
__end_of__initialization                 cinit        07FC
__end_of_gpio_get_port_direction         text4        06C2
__end_of_gpio_port_direction_initialize  text3        0732
__end_of_gpio_port_read_logic            text2        06E1
__end_of_gpio_port_write_logic           text1        0783
__end_of_main                            maintext     07E0
__initialization                         cinit        07E0
__pbssCOMMON                             bssCOMMON    0078
__pcstackCOMMON                          cstackCOMMON 0070
__pdataBANK0                             dataBANK0    0020
__pdataCOMMON                            dataCOMMON   007A
__pidataBANK0                            idataBANK0   068F
__pidataCOMMON                           idataCOMMON  067A
__pmaintext                              maintext     0783
__ptext1                                 text1        0732
__ptext2                                 text2        06C2
__ptext3                                 text3        06E1
__ptext4                                 text4        06A3
_direction                               bssCOMMON    0078
_gpio_get_port_direction                 text4        06A3
_gpio_port_direction_initialize          text3        06E1
_gpio_port_read_logic                    text2        06C2
_gpio_port_write_logic                   text1        0732
_logic                                   bssCOMMON    0079
_main                                    maintext     0783
_port_registers                          dataBANK0    0020
_tris_registers                          dataBANK0    002A
btemp                                    (abs)        007E
end_of_initialization                    cinit        07FC
gpio_get_port_direction@direction        cstackCOMMON 0070
gpio_get_port_direction@port             cstackCOMMON 0074
gpio_port_direction_initialize@direction cstackCOMMON 0070
gpio_port_direction_initialize@port      cstackCOMMON 0074
gpio_port_read_logic@logic               cstackCOMMON 0070
gpio_port_read_logic@port                cstackCOMMON 0074
gpio_port_write_logic@logic              cstackCOMMON 0070
gpio_port_write_logic@port               cstackCOMMON 0074
init_fetch0                              inittext     067C
init_ram0                                inittext     0680
intlevel0                                functab      0000
intlevel1                                functab      0000
intlevel2                                functab      0000
intlevel3                                functab      0000
intlevel4                                functab      0000
intlevel5                                functab      0000
reset_vec                                reset_vec    0000
start                                    init         0000
start_initialization                     cinit        07E0
wtemp0                                   (abs)        007E


MODULE INFORMATION

Module		Function		Class		Link	Load	Size
Temperature_Controlled_Fan_System.c
		_main          		CODE           	0783	0000	93

Temperature_Controlled_Fan_System.c estimated size: 93

MCAL_LAYER/GPIO/mcal_gpio.c
		_gpio_port_read_logic		CODE           	06C2	0000	31
		_gpio_get_port_direction		CODE           	06A3	0000	31
		_gpio_port_direction_initialize		CODE           	06E1	0000	81
		_gpio_port_write_logic		CODE           	0732	0000	81

MCAL_LAYER/GPIO/mcal_gpio.c estimated size: 224

shared
		__initialization		CODE           	07E0	0000	28

shared estimated size: 28

