Microchip MPLAB XC8 Compiler V2.46

Linker command line:

-W-3 \
  --edf=C:\Program Files\Microchip\xc8\v2.46\pic\dat\20240104201356_en.msgs \
  -cn -h+dist/default/debug\Temperature-Controlled_Fan_System.X.debug.sym \
  --cmf=dist/default/debug\Temperature-Controlled_Fan_System.X.debug.cmf -z \
  -Q16F877A -oC:\Users\PC\AppData\Local\Temp\xcAse60.\driver_tmp_3.o \
  --defsym=__MPLAB_BUILD=1 --fixupoverflow=error \
  -Mdist/default/debug/Temperature-Controlled_Fan_System.X.debug.map \
  --md=C:\Users\PC\AppData\Local\Temp\xcAse60.\driver_tmp_0.dat -E1 \
  -ver=XC8 Compiler --acfsm=1493 -ACODE=00h-07FFhx4 -ASTRCODE=00h-01FFFh \
  -ASTRING=00h-0FFhx32 -ACONST=00h-0FFhx32 -AENTRY=00h-0FFhx32 \
  -ACOMMON=070h-07Fh -ABANK0=020h-06Fh -ABANK1=0A0h-0EFh \
  -ABANK2=0110h-016Fh -ABANK3=0190h-01EFh \
  -ARAM=020h-06Fh,0A0h-0EFh,0110h-016Fh,0190h-01EFh \
  -AABS1=020h-07Fh,0A0h-0EFh,0110h-016Fh,0190h-01EFh -ASFR0=00h-01Fh \
  -ASFR1=080h-09Fh -ASFR2=0100h-010Fh -ASFR3=0180h-018Fh \
  -ACONFIG=02007h-02007h -DCONFIG=2 -AIDLOC=02000h-02003h -DIDLOC=2 \
  -AEEDATA=00h-0FFh/02100h -peeprom_data=EEDATA -DEEDATA=2 -DCODE=2 \
  -DSTRCODE=2 -DSTRING=2 -DCONST=2 -DENTRY=2 \
  -preset_vec=00h,intentry=04h,sivt,init,end_init -ppowerup=CODE \
  -pcinit=CODE -pfunctab=ENTRY -k \
  C:\Users\PC\AppData\Local\Temp\xcAse60.\driver_tmp_12.o \
  dist/default/debug\Temperature-Controlled_Fan_System.X.debug.o 

Object code version is 3.11

Machine type is 16F877A



                Name                               Link     Load   Length Selector   Space Scale
C:\Users\PC\AppData\Local\Temp\xcAse60.\driver_tmp_12.o
                end_init                             10       10        3        8       0
                reset_vec                             0        0        3        0       0
                config                             2007     2007        1        0       4
dist/default/debug\Temperature-Controlled_Fan_System.X.debug.o
                cinit                                13       13       1D        8       0
                functab                              30       30        D       60       0
                intentry                              4        4        C        8       0
                config                             2007     2007        1        0       4
                text20                              2E9      2E9       A2       7A       0
                text19                              61E      61E        D       7A       0
                text18                              602      602        F       7A       0
                text17                              634      634        7      C68       0
                text16                              5A2      5A2       1F       7A       0
                text15                              57F      57F       23       7A       0
                text14                              55C      55C       23       7A       0
                text13                              539      539       23       7A       0
                text12                               3D       3D       EC       7A       0
                text11                              20B      20B       DE       7A       0
                text10                              4E9      4E9       2A       7A       0
                text9                               513      513       26       7A       0
                text8                               424      424       3F       7A       0
                text7                               5C1      5C1       1E       7A       0
                text6                               5F2      5F2       10       7A       0
                text5                               4BE      4BE       2B       7A       0
                text4                               129      129       E2       7A       0
                text3                               38B      38B       99       7A       0
                text2                               611      611        D       7A       0
                text1                               63B      63B        6      C68       0
                maintext                            463      463       2F       7A       0
                cstackBANK0                          4C       4C        C       20       1
                cstackCOMMON                         70       70        B       70       1
                inittext                            5DF      5DF       13       7A       0
                dataBANK0                            20       20       2C       20       1
                bssBANK0                             58       58        8       20       1
                bssCOMMON                            7B       7B        3       70       1
                strings                             62B      62B        9      C56       0
                idataBANK0                          492      492       2C       7A       0

TOTAL           Name                               Link     Load   Length     Space
        CLASS   CODE           
                end_init                             10       10        3         0
                cinit                                13       13       1D         0
                intentry                              4        4        C         0
                reset_vec                             0        0        3         0
                text20                              2E9      2E9       A2         0
                text19                              61E      61E        D         0
                text18                              602      602        F         0
                text17                              634      634        7         0
                text16                              5A2      5A2       1F         0
                text15                              57F      57F       23         0
                text14                              55C      55C       23         0
                text13                              539      539       23         0
                text12                               3D       3D       EC         0
                text11                              20B      20B       DE         0
                text10                              4E9      4E9       2A         0
                text9                               513      513       26         0
                text8                               424      424       3F         0
                text7                               5C1      5C1       1E         0
                text6                               5F2      5F2       10         0
                text5                               4BE      4BE       2B         0
                text4                               129      129       E2         0
                text3                               38B      38B       99         0
                text2                               611      611        D         0
                text1                               63B      63B        6         0
                maintext                            463      463       2F         0
                inittext                            5DF      5DF       13         0
                idataBANK0                          492      492       2C         0

        CLASS   STRCODE        

        CLASS   STRING         
                strings                             62B      62B        9         0

        CLASS   CONST          

        CLASS   ENTRY          
                functab                              30       30        D         0

        CLASS   COMMON         
                cstackCOMMON                         70       70        B         1
                bssCOMMON                            7B       7B        3         1

        CLASS   BANK0          
                cstackBANK0                          4C       4C        C         1
                dataBANK0                            20       20       2C         1
                bssBANK0                             58       58        8         1

        CLASS   BANK1          

        CLASS   BANK2          

        CLASS   BANK3          

        CLASS   RAM            

        CLASS   ABS1           
                abs_s1                               7E       7E        2         1

        CLASS   SFR0           

        CLASS   SFR1           

        CLASS   SFR2           

        CLASS   SFR3           

        CLASS   CONFIG         
                config                             2007     2007        1         4

        CLASS   IDLOC          

        CLASS   EEDATA         

        CLASS   HEAP           

        CLASS   STACK          



SEGMENTS        Name                           Load    Length   Top    Selector   Space  Class     Delta

                reset_vec                      000000  000003  000003         0       0  CODE        2
                intentry                       000004  00002C  000030         8       0  CODE        2
                dataBANK0                      000020  000040  000060        20       1  BANK0       1
                functab                        000030  00000D  00003D        60       0  ENTRY       2
                cstackCOMMON                   000070  00000E  00007E        70       1  COMMON      1
                text12                         00003D  0005EE  00062B        7A       0  CODE        2
                strings                        00062B  000009  000634       C56       0  STRING      2
                text17                         000634  00000D  000641       C68       0  CODE        2


UNUSED ADDRESS RANGES

        Name                Unused          Largest block    Delta
        BANK0            0060-006F             10           1
        BANK1            00A0-00EF             50           1
        BANK2            0110-016F             60           1
        BANK3            0190-01EF             60           1
        CODE             0003-0003              1           2
                         0641-1FFF            800
        CONST            0003-0003              1           2
                         0641-1FFF            100
        EEDATA           2100-21FF            100           2
        ENTRY            0003-0003              1           2
                         0641-1FFF            100
        IDLOC            2000-2003              4           2
        RAM              0060-006F             10           1
                         00A0-00EF             50
                         0110-016F             60
                         0190-01EF             60
        SFR0             0000-001F             20           1
        SFR1             0080-009F             20           1
        SFR2             0100-010F             10           1
        SFR3             0180-018F             10           1
        STRCODE          0003-0003              1           2
                         0641-1FFF           19BF
        STRING           0003-0003              1           2
                         0641-1FFF            100

                                  Symbol Table

EXT_Rbx_Fun@rbx                        cstackBANK0  004D
Enable_INTX@F1629                      dataBANK0    003E
Enable_INTX@intx                       cstackBANK0  0053
Enable_INTX@pin_obj                    cstackBANK0  0054
Enable_RBX@rbx                         cstackBANK0  0053
ISR_RB4@n                              cstackCOMMON 0076
ISR_RB5@n                              cstackCOMMON 0076
ISR_RB6@n                              cstackCOMMON 0076
ISR_RB7@n                              cstackCOMMON 0076
READ_DATA_EEPROM@add                   cstackBANK0  004C
READ_DATA_EEPROM@data                  cstackBANK0  004E
WRITE_DATA_EEPROM@add                  cstackBANK0  004C
WRITE_DATA_EEPROM@data                 cstackBANK0  004E
WRITE_DATA_EEPROM@status               cstackBANK0  004F
_EEADR                                 (abs)        010D
_EECON1bits                            (abs)        018C
_EECON2                                (abs)        018D
_EEDATA                                (abs)        010C
_EXT_INTX_HANDLER                      bssBANK0     005E
_EXT_RB4_HIGH_HANDLER                  bssCOMMON    007D
_EXT_RB4_LOW_HANDLER                   bssCOMMON    007C
_EXT_RB5_HIGH_HANDLER                  bssBANK0     005D
_EXT_RB5_LOW_HANDLER                   bssBANK0     005C
_EXT_RB6_HIGH_HANDLER                  bssBANK0     005B
_EXT_RB6_LOW_HANDLER                   bssBANK0     005A
_EXT_RB7_HIGH_HANDLER                  bssBANK0     0059
_EXT_RB7_LOW_HANDLER                   bssBANK0     0058
_EXT_Rbx_Fun                           text8        0424
_Enable_INTX                           text9        0513
_Enable_RBX                            text7        05C1
_INTCONbits                            (abs)        000B
_ISR_INTX                              text18       0602
_ISR_RB4                               text16       05A2
_ISR_RB5                               text15       057F
_ISR_RB6                               text14       055C
_ISR_RB7                               text13       0539
_InterruptManager                      text12       003D
_OPTION_REGbits                        (abs)        0081
_PORTA                                 (abs)        0005
_PORTB                                 (abs)        0006
_PORTBbits                             (abs)        0006
_PORTC                                 (abs)        0007
_PORTD                                 (abs)        0008
_PORTE                                 (abs)        0009
_READ_DATA_EEPROM                      text6        05F2
_TRISA                                 (abs)        0085
_TRISB                                 (abs)        0086
_TRISC                                 (abs)        0087
_TRISD                                 (abs)        0088
_TRISE                                 (abs)        0089
_WRITE_DATA_EEPROM                     text5        04BE
__H__absolute__                        __absolute__ 0000
__Habs1                                abs1         007A
__Hbank0                               bank0        007A
__Hbank1                               bank1        007A
__Hbank2                               bank2        007A
__Hbank3                               bank3        007A
__HbssBANK0                            bssBANK0     007A
__HbssCOMMON                           bssCOMMON    007A
__Hcinit                               cinit        0030
__Hclrtext                             clrtext      007A
__Hcode                                code         007A
__Hcommon                              common       007A
__Hconfig                              config       2008
__HcstackBANK0                         cstackBANK0  007A
__HcstackCOMMON                        cstackCOMMON 007A
__HdataBANK0                           dataBANK0    007A
__Heeprom_data                         eeprom_data  0000
__Hend_init                            end_init     0013
__Hfunctab                             functab      003D
__Hheap                                heap         007A
__HidataBANK0                          idataBANK0   007A
__Hinit                                init         0010
__Hinittext                            inittext     007A
__Hintentry                            intentry     0010
__Hmaintext                            maintext     007A
__Hpowerup                             powerup      0000
__Hram                                 ram          007A
__Hreset_vec                           reset_vec    0003
__Hsfr0                                sfr0         007A
__Hsfr1                                sfr1         007A
__Hsfr2                                sfr2         007A
__Hsfr3                                sfr3         007A
__Hsivt                                sivt         0010
__Hspace_0                             (abs)        0641
__Hspace_1                             (abs)        007E
__Hspace_2                             (abs)        007A
__Hspace_3                             (abs)        0000
__Hspace_4                             (abs)        400F
__Hstack                               stack        007A
__Hstrings                             strings      007A
__Htext                                text         007A
__L__absolute__                        __absolute__ 0000
__Labs1                                abs1         007A
__Lbank0                               bank0        007A
__Lbank1                               bank1        007A
__Lbank2                               bank2        007A
__Lbank3                               bank3        007A
__LbssBANK0                            bssBANK0     007A
__LbssCOMMON                           bssCOMMON    007A
__Lcinit                               cinit        0013
__Lclrtext                             clrtext      007A
__Lcode                                code         007A
__Lcommon                              common       007A
__Lconfig                              config       0000
__LcstackBANK0                         cstackBANK0  007A
__LcstackCOMMON                        cstackCOMMON 007A
__LdataBANK0                           dataBANK0    007A
__Leeprom_data                         eeprom_data  0000
__Lend_init                            end_init     0010
__Lfunctab                             functab      0030
__Lheap                                heap         007A
__LidataBANK0                          idataBANK0   007A
__Linit                                init         0010
__Linittext                            inittext     007A
__Lintentry                            intentry     0004
__Lmaintext                            maintext     007A
__Lpowerup                             powerup      0000
__Lram                                 ram          007A
__Lreset_vec                           reset_vec    0000
__Lsfr0                                sfr0         007A
__Lsfr1                                sfr1         007A
__Lsfr2                                sfr2         007A
__Lsfr3                                sfr3         007A
__Lsivt                                sivt         0010
__Lspace_0                             (abs)        0000
__Lspace_1                             (abs)        0000
__Lspace_2                             (abs)        0000
__Lspace_3                             (abs)        0000
__Lspace_4                             (abs)        0000
__Lstack                               stack        007A
__Lstrings                             strings      007A
__Ltext                                text         007A
__S0                                   (abs)        0641
__S1                                   (abs)        007E
__S3                                   (abs)        0000
___heap_hi                             (abs)        0000
___heap_lo                             (abs)        0000
___int_sp                              stack        007A
___int_stack_hi                        stack        007A
___int_stack_lo                        stack        007A
___latbits                             (abs)        0002
___sp                                  stack        007A
___stack_hi                            stack        007A
___stack_lo                            stack        007A
___stackhi                             (abs)        0000
___stacklo                             (abs)        0000
__end_of_EXT_Rbx_Fun                   text8        0463
__end_of_Enable_INTX                   text9        0539
__end_of_Enable_RBX                    text7        05DF
__end_of_ISR_INTX                      text18       0611
__end_of_ISR_RB4                       text16       05C1
__end_of_ISR_RB5                       text15       05A2
__end_of_ISR_RB6                       text14       057F
__end_of_ISR_RB7                       text13       055C
__end_of_InterruptManager              text12       0129
__end_of_READ_DATA_EEPROM              text6        0602
__end_of_WRITE_DATA_EEPROM             text5        04E9
__end_of__i1fptable                    functab      003D
__end_of__initialization               cinit        002C
__end_of__stringtab                    strings      0631
__end_of_apllication_initilaize        text1        0641
__end_of_ecu_initialzie                text2        061E
__end_of_gpio_pin_direction_initialize text11       02E9
__end_of_gpio_pin_initialize           text3        0424
__end_of_gpio_pin_toggle_logic         text20       038B
__end_of_gpio_pin_write_logic          text4        020B
__end_of_isr                           text19       062B
__end_of_main                          maintext     0492
__end_of_rb_isr                        text17       063B
__end_of_set_src_intx                  text10       0513
__i1fptable                            functab      0031
__initialization                       cinit        0013
__pbssBANK0                            bssBANK0     0058
__pbssCOMMON                           bssCOMMON    007B
__pcstackBANK0                         cstackBANK0  004C
__pcstackCOMMON                        cstackCOMMON 0070
__pdataBANK0                           dataBANK0    0020
__pfunctab                             functab      0030
__pidataBANK0                          idataBANK0   0492
__pintentry                            intentry     0004
__pmaintext                            maintext     0463
__pstrings                             strings      062B
__ptext1                               text1        063B
__ptext10                              text10       04E9
__ptext11                              text11       020B
__ptext12                              text12       003D
__ptext13                              text13       0539
__ptext14                              text14       055C
__ptext15                              text15       057F
__ptext16                              text16       05A2
__ptext17                              text17       0634
__ptext18                              text18       0602
__ptext19                              text19       061E
__ptext2                               text2        0611
__ptext20                              text20       02E9
__ptext3                               text3        038B
__ptext4                               text4        0129
__ptext5                               text5        04BE
__ptext6                               text6        05F2
__ptext7                               text7        05C1
__ptext8                               text8        0424
__ptext9                               text9        0513
__size_of__i1fptable                   (abs)        0000
__stringbase                           strings      0630
__stringtab                            strings      062B
_apllication_initilaize                text1        063B
_counter                               bssBANK0     005F
_counter@interrupt_manager$F679        bssCOMMON    007B
_ecu_initialzie                        text2        0611
_gpio_pin_direction_initialize         text11       020B
_gpio_pin_initialize                   text3        038B
_gpio_pin_toggle_logic                 text20       02E9
_gpio_pin_write_logic                  text4        0129
_int1                                  dataBANK0    0048
_isr                                   text19       061E
_main                                  maintext     0463
_pin1                                  dataBANK0    004B
_pin2                                  dataBANK0    004A
_port_registers                        dataBANK0    0020
_rb2                                   dataBANK0    0045
_rb_isr                                text17       0634
_set_src_intx                          text10       04E9
_tris_registers                        dataBANK0    002A
btemp                                  (abs)        007E
end_of_initialization                  cinit        002C
fpbase                                 (abs)        0000
fptable                                functab      0030
fptotal                                (abs)        0000
gpio_pin_direction_initialize@pin      cstackBANK0  0052
gpio_pin_direction_initialize@ret      cstackBANK0  0051
gpio_pin_initialize@pin                cstackBANK0  0057
gpio_pin_initialize@ret                cstackBANK0  0056
gpio_pin_toggle_logic@pin              cstackCOMMON 0075
gpio_pin_write_logic@logic             cstackBANK0  004C
gpio_pin_write_logic@pin               cstackBANK0  0053
gpio_pin_write_logic@ret               cstackBANK0  0052
i1fpbase                               functab      0036
i1fptable                              functab      0031
i1fptotal                              (abs)        0005
init_fetch0                            inittext     05DF
init_ram0                              inittext     05E3
interrupt_function                     intentry     0004
intlevel0                              functab      0030
intlevel1                              functab      0030
intlevel2                              functab      0030
intlevel3                              functab      0030
intlevel4                              functab      0030
intlevel5                              functab      0030
reset_vec                              reset_vec    0000
saved_w                                (abs)        007E
set_src_intx@intx                      cstackBANK0  004F
set_src_intx@ret                       cstackBANK0  004E
start                                  init         0010
start_initialization                   cinit        0013
wtemp0                                 (abs)        007E


MODULE INFORMATION

Module		Function		Class		Link	Load	Size
Temperature_Controlled_Fan_System.c
		_main          		CODE           	0463	0000	47
		_rb_isr        		CODE           	0634	0000	7
		_isr           		CODE           	061E	0000	13
		_apllication_initilaize		CODE           	063B	0000	6

Temperature_Controlled_Fan_System.c estimated size: 73

MCAL_LAYER/INTERRUPT/interrupt_manager.c
		_InterruptManager		CODE           	003D	0000	236

MCAL_LAYER/INTERRUPT/interrupt_manager.c estimated size: 236

MCAL_LAYER/GPIO/mcal_gpio.c
		_gpio_pin_write_logic		CODE           	0129	0000	226
		_gpio_pin_direction_initialize		CODE           	020B	0000	222
		_gpio_pin_toggle_logic		CODE           	02E9	0000	162
		_gpio_pin_initialize		CODE           	038B	0000	153

MCAL_LAYER/GPIO/mcal_gpio.c estimated size: 763

MCAL_LAYER/EEPROM/eeprom.c
		_WRITE_DATA_EEPROM		CODE           	04BE	0000	43
		_READ_DATA_EEPROM		CODE           	05F2	0000	16

MCAL_LAYER/EEPROM/eeprom.c estimated size: 59

MCAL_LAYER/INTERRUPT/external_interrupt.c
		_ISR_RB6       		CODE           	055C	0000	35
		_Enable_RBX    		CODE           	05C1	0000	30
		_Enable_INTX   		CODE           	0513	0000	38
		_ISR_INTX      		CODE           	0602	0000	15
		_ISR_RB5       		CODE           	057F	0000	35
		_set_src_intx  		CODE           	04E9	0000	42
		_EXT_Rbx_Fun   		CODE           	0424	0000	63
		_ISR_RB4       		CODE           	05A2	0000	31
		_ISR_RB7       		CODE           	0539	0000	35

MCAL_LAYER/INTERRUPT/external_interrupt.c estimated size: 324

ECU_LAYER/ECU_LAYER.c
		_ecu_initialzie		CODE           	0611	0000	13

ECU_LAYER/ECU_LAYER.c estimated size: 13

shared
		__stringtab    		STRING         	062B	0000	6
		__i1fptable    		ENTRY          	0031	0000	12
		__initialization		CODE           	0013	0000	25

shared estimated size: 43

