Microchip MPLAB XC8 Compiler V2.46

Linker command line:

-W-3 \
  --edf=C:\Program Files\Microchip\xc8\v2.46\pic\dat\20240104201356_en.msgs \
  -cn -h+dist/default/debug\Temperuture_Controlled_Fan_System.debug.sym \
  --cmf=dist/default/debug\Temperuture_Controlled_Fan_System.debug.cmf -z \
  -Q16F877A -oC:\Users\MOHAME~1\AppData\Local\Temp\xcAs3ms.\driver_tmp_3.o \
  --defsym=__MPLAB_BUILD=1 --fixupoverflow=error \
  -Mdist/default/debug/Temperuture_Controlled_Fan_System.debug.map \
  --md=C:\Users\MOHAME~1\AppData\Local\Temp\xcAs3ms.\driver_tmp_0.dat -E1 \
  -ver=XC8 Compiler --acfsm=1493 -ACODE=00h-07FFhx4 -ASTRCODE=00h-01FFFh \
  -ASTRING=00h-0FFhx32 -ACONST=00h-0FFhx32 -AENTRY=00h-0FFhx32 \
  -ACOMMON=070h-07Fh -ABANK0=020h-06Fh -ABANK1=0A0h-0EFh \
  -ABANK2=0110h-016Fh -ABANK3=0190h-01EFh \
  -ARAM=020h-06Fh,0A0h-0EFh,0110h-016Fh,0190h-01EFh \
  -AABS1=020h-07Fh,0A0h-0EFh,0110h-016Fh,0190h-01EFh -ASFR0=00h-01Fh \
  -ASFR1=080h-09Fh -ASFR2=0100h-010Fh -ASFR3=0180h-018Fh \
  -ACONFIG=02007h-02007h -DCONFIG=2 -AIDLOC=02000h-02003h -DIDLOC=2 \
  -AEEDATA=00h-0FFh/02100h -peeprom_data=EEDATA -DEEDATA=2 -DCODE=2 \
  -DSTRCODE=2 -DSTRING=2 -DCONST=2 -DENTRY=2 \
  -preset_vec=00h,intentry,sivt,init,end_init -ppowerup=CODE -pcinit=CODE \
  -pfunctab=ENTRY -k \
  C:\Users\MOHAME~1\AppData\Local\Temp\xcAs3ms.\driver_tmp_17.o \
  dist/default/debug\Temperuture_Controlled_Fan_System.debug.o 

Object code version is 3.11

Machine type is 16F877A



                Name                               Link     Load   Length Selector   Space Scale
C:\Users\MOHAME~1\AppData\Local\Temp\xcAs3ms.\driver_tmp_17.o
                end_init                              0        0        3        0       0
                config                             2007     2007        1        0       4
dist/default/debug\Temperuture_Controlled_Fan_System.debug.o
                cinit                               7D4      7D4       2C      FA8       0
                config                             2007     2007        1        0       4
                text44                             1776     1776       42     2EEC       0
                text43                             1474     1474        F     28E8       0
                text42                             1658     1658       28     2CB0       0
                text41                             154B     154B       1C     2A96       0
                text40                              9E7      9E7       67     13CE       0
                text39                              98E      98E       59     131C       0
                text38                             1483     1483       11     2906       0
                text37                                3        3        1        0       0
                text36                              938      938       56     1270       0
                text35                              F11      F11       EF     1E22       0
                text34                             1586     1586       21     2B0C       0
                text33                             1567     1567       1F     2ACE       0
                text32                              8A4      8A4       4A     1148       0
                text31                             1494     1494       12     2928       0
                text30                             15A7     15A7       21     2B4E       0
                text29                               A2       A2      1CF      144       0
                text28                             1631     1631       27     2C62       0
                text27                              48F      48F      345      91E       0
                text26                              AC4      AC4       78     1588       0
                text25                              CA1      CA1       B8     1942       0
                text24                              D59      D59       D8     1AB2       0
                text23                              E31      E31       E0     1C62       0
                text22                                F        F       93       1E       0
                text21                             170C     170C       35     2E18       0
                text20                              8EE      8EE       4A     11DC       0
                text19                             15C8     15C8       21     2B90       0
                text18                              85D      85D       47     10BA       0
                text17                              BEB      BEB       B6     17D6       0
                text16                             14CE     14CE       17     299C       0
                text15                             14E5     14E5       19     29CA       0
                text14                             15E9     15E9       24     2BD2       0
                text13                             1680     1680       2C     2D00       0
                text12                             1465     1465        7     28CA       0
                text11                                4        4        B        8       0
                text10                             14B9     14B9       15     2972       0
                text9                               B3C      B3C       AF     1678       0
                text8                               A4E      A4E       76     149C       0
                text7                              17B8     17B8       48     2F70       0
                text6                              1741     1741       35     2E82       0
                text5                              16AC     16AC       30     2D58       0
                text4                              160D     160D       24     2C1A       0
                text3                              1517     1517       1A     2A2E       0
                text2                              14FE     14FE       19     29FC       0
                text1                              1531     1531       1A     2A62       0
                maintext                            271      271      21E      4E2       0
                cstackBANK0                          20       20       43       20       1
                cstackCOMMON                         70       70        E       70       1
                clrtext                            146C     146C        8     28D8       0
                inittext                           14A6     14A6       13     294C       0
                bssBANK3                            190      190       2B      190       1
                dataBANK1                            A0       A0       30       A0       1
                bssBANK1                             D0       D0       20       A0       1
                bssBANK0                             63       63        D       20       1
                strings                             800      800       5D     1000       0
                idataBANK1                         16DC     16DC       30     2DB8       0

TOTAL           Name                               Link     Load   Length     Space
        CLASS   CODE           
                end_init                              0        0        3         0
                cinit                               7D4      7D4       2C         0
                text44                             1776     1776       42         0
                text43                             1474     1474        F         0
                text42                             1658     1658       28         0
                text41                             154B     154B       1C         0
                text40                              9E7      9E7       67         0
                text39                              98E      98E       59         0
                text38                             1483     1483       11         0
                text37                                3        3        1         0
                text36                              938      938       56         0
                text35                              F11      F11       EF         0
                text34                             1586     1586       21         0
                text33                             1567     1567       1F         0
                text32                              8A4      8A4       4A         0
                text31                             1494     1494       12         0
                text30                             15A7     15A7       21         0
                text29                               A2       A2      1CF         0
                text28                             1631     1631       27         0
                text27                              48F      48F      345         0
                text26                              AC4      AC4       78         0
                text25                              CA1      CA1       B8         0
                text24                              D59      D59       D8         0
                text23                              E31      E31       E0         0
                text22                                F        F       93         0
                text21                             170C     170C       35         0
                text20                              8EE      8EE       4A         0
                text19                             15C8     15C8       21         0
                text18                              85D      85D       47         0
                text17                              BEB      BEB       B6         0
                text16                             14CE     14CE       17         0
                text15                             14E5     14E5       19         0
                text14                             15E9     15E9       24         0
                text13                             1680     1680       2C         0
                text12                             1465     1465        7         0
                text11                                4        4        B         0
                text10                             14B9     14B9       15         0
                text9                               B3C      B3C       AF         0
                text8                               A4E      A4E       76         0
                text7                              17B8     17B8       48         0
                text6                              1741     1741       35         0
                text5                              16AC     16AC       30         0
                text4                              160D     160D       24         0
                text3                              1517     1517       1A         0
                text2                              14FE     14FE       19         0
                text1                              1531     1531       1A         0
                maintext                            271      271      21E         0
                clrtext                            146C     146C        8         0
                inittext                           14A6     14A6       13         0
                idataBANK1                         16DC     16DC       30         0

        CLASS   STRCODE        

        CLASS   STRING         
                strings                             800      800       5D         0

        CLASS   CONST          

        CLASS   ENTRY          

        CLASS   COMMON         
                cstackCOMMON                         70       70        E         1

        CLASS   BANK0          
                cstackBANK0                          20       20       43         1
                bssBANK0                             63       63        D         1

        CLASS   BANK1          
                dataBANK1                            A0       A0       30         1
                bssBANK1                             D0       D0       20         1

        CLASS   BANK2          

        CLASS   BANK3          
                bssBANK3                            190      190       2B         1

        CLASS   RAM            

        CLASS   ABS1           
                abs_s1                               7E       7E        2         1

        CLASS   SFR0           

        CLASS   SFR1           

        CLASS   SFR2           

        CLASS   SFR3           

        CLASS   CONFIG         
                config                             2007     2007        1         4

        CLASS   IDLOC          

        CLASS   EEDATA         

        CLASS   HEAP           

        CLASS   STACK          



SEGMENTS        Name                           Load    Length   Top    Selector   Space  Class     Delta

                reset_vec                      000000  000004  000004         0       0  CODE        2
                text11                         000004  00000B  00000F         8       0  CODE        2
                text22                         00000F  000093  0000A2        1E       0  CODE        2
                cstackBANK0                    000020  000050  000070        20       1  BANK0       1
                cstackCOMMON                   000070  00000E  00007E        70       1  COMMON      1
                dataBANK1                      0000A0  000050  0000F0        A0       1  BANK1       1
                text29                         0000A2  0001CF  000271       144       0  CODE        2
                bssBANK3                       000190  00002B  0001BB       190       1  BANK3       1
                maintext                       000271  00021E  00048F       4E2       0  CODE        2
                text27                         00048F  000345  0007D4       91E       0  CODE        2
                cinit                          0007D4  00002C  000800       FA8       0  CODE        2
                strings                        000800  00005D  00085D      1000       0  STRING      2
                text18                         00085D  000047  0008A4      10BA       0  CODE        2
                text32                         0008A4  00004A  0008EE      1148       0  CODE        2
                text20                         0008EE  00004A  000938      11DC       0  CODE        2
                text36                         000938  000056  00098E      1270       0  CODE        2
                text39                         00098E  000059  0009E7      131C       0  CODE        2
                text40                         0009E7  000067  000A4E      13CE       0  CODE        2
                text8                          000A4E  000076  000AC4      149C       0  CODE        2
                text26                         000AC4  000078  000B3C      1588       0  CODE        2
                text9                          000B3C  0000AF  000BEB      1678       0  CODE        2
                text17                         000BEB  0000B6  000CA1      17D6       0  CODE        2
                text25                         000CA1  0000B8  000D59      1942       0  CODE        2
                text24                         000D59  0000D8  000E31      1AB2       0  CODE        2
                text23                         000E31  0000E0  000F11      1C62       0  CODE        2
                text35                         000F11  0000EF  001000      1E22       0  CODE        2
                text12                         001465  000007  00146C      28CA       0  CODE        2
                clrtext                        00146C  000008  001474      28D8       0  CODE        2
                text43                         001474  00000F  001483      28E8       0  CODE        2
                text38                         001483  000011  001494      2906       0  CODE        2
                text31                         001494  000012  0014A6      2928       0  CODE        2
                inittext                       0014A6  000013  0014B9      294C       0  CODE        2
                text10                         0014B9  000015  0014CE      2972       0  CODE        2
                text16                         0014CE  000017  0014E5      299C       0  CODE        2
                text15                         0014E5  000019  0014FE      29CA       0  CODE        2
                text2                          0014FE  000019  001517      29FC       0  CODE        2
                text3                          001517  00001A  001531      2A2E       0  CODE        2
                text1                          001531  00001A  00154B      2A62       0  CODE        2
                text41                         00154B  00001C  001567      2A96       0  CODE        2
                text33                         001567  00001F  001586      2ACE       0  CODE        2
                text34                         001586  000021  0015A7      2B0C       0  CODE        2
                text30                         0015A7  000021  0015C8      2B4E       0  CODE        2
                text19                         0015C8  000021  0015E9      2B90       0  CODE        2
                text14                         0015E9  000024  00160D      2BD2       0  CODE        2
                text4                          00160D  000024  001631      2C1A       0  CODE        2
                text28                         001631  000027  001658      2C62       0  CODE        2
                text42                         001658  000028  001680      2CB0       0  CODE        2
                text13                         001680  00002C  0016AC      2D00       0  CODE        2
                text5                          0016AC  000030  0016DC      2D58       0  CODE        2
                idataBANK1                     0016DC  000030  00170C      2DB8       0  CODE        2
                text21                         00170C  000035  001741      2E18       0  CODE        2
                text6                          001741  000035  001776      2E82       0  CODE        2
                text44                         001776  000042  0017B8      2EEC       0  CODE        2
                text7                          0017B8  000048  001800      2F70       0  CODE        2


UNUSED ADDRESS RANGES

        Name                Unused          Largest block    Delta
        BANK2            0110-016F             60           1
        BANK3            01BB-01EF             35           1
        CODE             1000-1464            465           2
                         1800-1FFF            800
        CONST            1000-1464            100           2
                         1800-1FFF            100
        EEDATA           2100-21FF            100           2
        ENTRY            1000-1464            100           2
                         1800-1FFF            100
        IDLOC            2000-2003              4           2
        RAM              0110-016F             60           1
                         01BB-01EF             35
        SFR0             0000-001F             20           1
        SFR1             0080-009F             20           1
        SFR2             0100-010F             10           1
        SFR3             0180-018F             10           1
        STRCODE          1000-1464            465           2
                         1800-1FFF            800
        STRING           1000-1464            100           2
                         1800-1FFF            100

                                  Symbol Table

?__Umul8_16                            cstackCOMMON 0070
?___awdiv                              cstackCOMMON 0070
?___awmod                              cstackCOMMON 0070
?___fldiv                              cstackBANK0  003A
?___flmul                              cstackBANK0  0020
?___fltol                              cstackBANK0  0054
?___xxtofl                             cstackCOMMON 0070
?_abs                                  cstackCOMMON 0076
?_sprintf                              cstackBANK0  002C
?_vfprintf                             cstackBANK0  0028
ADC_Get_Conversion_Result@adc          cstackCOMMON 0074
ADC_Get_Conversion_Result@result       cstackCOMMON 0070
ADC_INIT@adc                           cstackCOMMON 0075
ADC_INIT@ret                           cstackCOMMON 0074
ADC_Start_Conversion@adc               cstackCOMMON 0070
ADC_Start_Conversion_Blocking@adc      cstackCOMMON 0079
ADC_Start_Conversion_Blocking@channel  cstackCOMMON 0075
ADC_Start_Conversion_Blocking@result   cstackCOMMON 0076
Convert_uint16_to_string@counter       cstackBANK0  0047
Convert_uint16_to_string@data          cstackBANK0  003D
Convert_uint16_to_string@str           cstackBANK0  003F
Convert_uint16_to_string@temp          cstackBANK0  0041
READ_DATA_EEPROM@add                   cstackCOMMON 0070
READ_DATA_EEPROM@data                  cstackCOMMON 0072
Result_Format@adc                      cstackCOMMON 0072
WRITE_DATA_EEPROM@add                  cstackCOMMON 0070
WRITE_DATA_EEPROM@data                 cstackCOMMON 0072
WRITE_DATA_EEPROM@status               cstackCOMMON 0073
_ADCON0bits                            (abs)        001F
_ADCON1bits                            (abs)        009F
_ADC_Get_Conversion_Result             text44       1776
_ADC_INIT                              text13       1680
_ADC_Start_Conversion                  text43       1474
_ADC_Start_Conversion_Blocking         text42       1658
_ADRESH                                (abs)        001E
_ADRESL                                (abs)        009E
_Convert_uint16_to_string              text32       08A4
_EEADR                                 (abs)        010D
_EECON1bits                            (abs)        018C
_EECON2                                (abs)        018D
_EEDATA                                (abs)        010C
_INTCONbits                            (abs)        000B
_Max_Temp                              bssBANK0     006D
_PORTA                                 (abs)        0005
_PORTB                                 (abs)        0006
_PORTC                                 (abs)        0007
_PORTD                                 (abs)        0008
_PORTE                                 (abs)        0009
_READ_DATA_EEPROM                      text31       1494
_Result_Format                         text14       15E9
_TRISA                                 (abs)        0085
_TRISB                                 (abs)        0086
_TRISC                                 (abs)        0087
_TRISD                                 (abs)        0088
_TRISE                                 (abs)        0089
_Temp                                  bssBANK0     0063
_WRITE_DATA_EEPROM                     text30       15A7
__H__absolute__                        __absolute__ 0000
__Habs1                                abs1         0000
__Hbank0                               bank0        0000
__Hbank1                               bank1        0000
__Hbank2                               bank2        0000
__Hbank3                               bank3        0000
__HbssBANK0                            bssBANK0     0000
__HbssBANK1                            bssBANK1     0000
__HbssBANK3                            bssBANK3     0000
__Hcinit                               cinit        0800
__Hclrtext                             clrtext      0000
__Hcode                                code         0000
__Hcommon                              common       0000
__Hconfig                              config       2008
__HcstackBANK0                         cstackBANK0  0000
__HcstackCOMMON                        cstackCOMMON 0000
__HdataBANK1                           dataBANK1    0000
__Heeprom_data                         eeprom_data  0000
__Hend_init                            end_init     0003
__Hfunctab                             functab      0000
__Hheap                                heap         0000
__HidataBANK1                          idataBANK1   0000
__Hinit                                init         0000
__Hinittext                            inittext     0000
__Hintentry                            intentry     0000
__Hmaintext                            maintext     0000
__Hpowerup                             powerup      0000
__Hram                                 ram          0000
__Hreset_vec                           reset_vec    0000
__Hsfr0                                sfr0         0000
__Hsfr1                                sfr1         0000
__Hsfr2                                sfr2         0000
__Hsfr3                                sfr3         0000
__Hsivt                                sivt         0000
__Hspace_0                             (abs)        1800
__Hspace_1                             (abs)        01BB
__Hspace_2                             (abs)        0000
__Hspace_3                             (abs)        0000
__Hspace_4                             (abs)        400F
__Hstack                               stack        0000
__Hstrings                             strings      0000
__Htext                                text         0000
__L__absolute__                        __absolute__ 0000
__Labs1                                abs1         0000
__Lbank0                               bank0        0000
__Lbank1                               bank1        0000
__Lbank2                               bank2        0000
__Lbank3                               bank3        0000
__LbssBANK0                            bssBANK0     0000
__LbssBANK1                            bssBANK1     0000
__LbssBANK3                            bssBANK3     0000
__Lcinit                               cinit        07D4
__Lclrtext                             clrtext      0000
__Lcode                                code         0000
__Lcommon                              common       0000
__Lconfig                              config       0000
__LcstackBANK0                         cstackBANK0  0000
__LcstackCOMMON                        cstackCOMMON 0000
__LdataBANK1                           dataBANK1    0000
__Leeprom_data                         eeprom_data  0000
__Lend_init                            end_init     0000
__Lfunctab                             functab      0000
__Lheap                                heap         0000
__LidataBANK1                          idataBANK1   0000
__Linit                                init         0000
__Linittext                            inittext     0000
__Lintentry                            intentry     0000
__Lmaintext                            maintext     0000
__Lpowerup                             powerup      0000
__Lram                                 ram          0000
__Lreset_vec                           reset_vec    0000
__Lsfr0                                sfr0         0000
__Lsfr1                                sfr1         0000
__Lsfr2                                sfr2         0000
__Lsfr3                                sfr3         0000
__Lsivt                                sivt         0000
__Lspace_0                             (abs)        0000
__Lspace_1                             (abs)        0000
__Lspace_2                             (abs)        0000
__Lspace_3                             (abs)        0000
__Lspace_4                             (abs)        0000
__Lstack                               stack        0000
__Lstrings                             strings      0000
__Ltext                                text         0000
__S0                                   (abs)        1800
__S1                                   (abs)        01BB
__S3                                   (abs)        0000
__Umul8_16                             text28       1631
__Umul8_16@multiplicand                cstackCOMMON 0070
__Umul8_16@multiplier                  cstackCOMMON 0078
__Umul8_16@product                     cstackCOMMON 0074
__Umul8_16@word_mpld                   cstackCOMMON 0076
___awdiv                               text40       09E7
___awdiv@counter                       cstackCOMMON 0074
___awdiv@dividend                      cstackCOMMON 0072
___awdiv@divisor                       cstackCOMMON 0070
___awdiv@quotient                      cstackCOMMON 0076
___awdiv@sign                          cstackCOMMON 0075
___awmod                               text39       098E
___awmod@counter                       cstackCOMMON 0074
___awmod@dividend                      cstackCOMMON 0072
___awmod@divisor                       cstackCOMMON 0070
___awmod@sign                          cstackCOMMON 0075
___bmul                                text10       14B9
___bmul@multiplicand                   cstackCOMMON 0070
___bmul@multiplier                     cstackCOMMON 0072
___bmul@product                        cstackCOMMON 0071
___fldiv                               text29       00A2
___fldiv@a                             cstackBANK0  003A
___fldiv@aexp                          cstackBANK0  0053
___fldiv@b                             cstackBANK0  003E
___fldiv@bexp                          cstackBANK0  0052
___fldiv@grs                           cstackBANK0  004E
___fldiv@new_exp                       cstackBANK0  004C
___fldiv@rem                           cstackBANK0  0047
___fldiv@sign                          cstackBANK0  004B
___flmul                               text27       048F
___flmul@a                             cstackBANK0  0024
___flmul@aexp                          cstackBANK0  0032
___flmul@b                             cstackBANK0  0020
___flmul@bexp                          cstackBANK0  0033
___flmul@grs                           cstackBANK0  002E
___flmul@prod                          cstackBANK0  0034
___flmul@sign                          cstackBANK0  002D
___flmul@temp                          cstackBANK0  0038
___fltol                               text26       0AC4
___fltol@exp1                          cstackBANK0  005D
___fltol@f1                            cstackBANK0  0054
___fltol@sign1                         cstackBANK0  005C
___heap_hi                             (abs)        0000
___heap_lo                             (abs)        0000
___int_sp                              stack        0000
___int_stack_hi                        stack        0000
___int_stack_lo                        stack        0000
___latbits                             (abs)        0002
___sp                                  stack        0000
___stack_hi                            stack        0000
___stack_lo                            stack        0000
___stackhi                             (abs)        0000
___stacklo                             (abs)        0000
___xxtofl                              text25       0CA1
___xxtofl@arg                          cstackCOMMON 007A
___xxtofl@exp                          cstackCOMMON 0079
___xxtofl@sign                         cstackCOMMON 0078
___xxtofl@val                          cstackCOMMON 0070
__end_of_ADC_Get_Conversion_Result     text44       17B8
__end_of_ADC_INIT                      text13       16AC
__end_of_ADC_Start_Conversion          text43       1483
__end_of_ADC_Start_Conversion_Blocking text42       1680
__end_of_Convert_uint16_to_string      text32       08EE
__end_of_READ_DATA_EEPROM              text31       14A6
__end_of_Result_Format                 text14       160D
__end_of_WRITE_DATA_EEPROM             text30       15C8
__end_of__Umul8_16                     text28       1658
__end_of___awdiv                       text40       0A4E
__end_of___awmod                       text39       09E7
__end_of___bmul                        text10       14CE
__end_of___fldiv                       text29       0271
__end_of___flmul                       text27       07D4
__end_of___fltol                       text26       0B3C
__end_of___xxtofl                      text25       0D59
__end_of__initialization               cinit        07FC
__end_of__stringtab                    strings      0810
__end_of_abs                           text38       1494
__end_of_apllication_initilaize        text11       000F
__end_of_btn_values                    strings      081C
__end_of_ecu_initialzie                text15       14FE
__end_of_fputc                         text36       098E
__end_of_gpio_pin_direction_initialize text24       0E31
__end_of_gpio_pin_initialize           text22       00A2
__end_of_gpio_pin_read_logic           text9        0BEB
__end_of_gpio_pin_write_logic          text23       0F11
__end_of_keypad_initialize             text21       1741
__end_of_keypad_read_value             text8        0AC4
__end_of_lcd_4bits_initialize          text17       0CA1
__end_of_lcd_4bits_send_char           text7        1800
__end_of_lcd_4bits_send_command        text18       08A4
__end_of_lcd_4bits_send_string         text6        1776
__end_of_lcd_4bits_send_string_pos     text4        1631
__end_of_main                          maintext     048F
__end_of_mcal_initialize               text12       146C
__end_of_memset                        text41       1567
__end_of_motor_initialize              text16       14E5
__end_of_motor_turn_left               text3        1531
__end_of_motor_turn_off                text2        1517
__end_of_motor_turn_right              text1        154B
__end_of_putch                         text37       0004
__end_of_send_4bits                    text20       0938
__end_of_send_enable_signal            text19       15E9
__end_of_set_cursor                    text5        16DC
__end_of_sprintf                       text33       1586
__end_of_vfpfcnvrt                     text35       1000
__end_of_vfprintf                      text34       15A7
__initialization                       cinit        07D4
__pbssBANK0                            bssBANK0     0063
__pbssBANK1                            bssBANK1     00D0
__pbssBANK3                            bssBANK3     0190
__pcstackBANK0                         cstackBANK0  0020
__pcstackCOMMON                        cstackCOMMON 0070
__pdataBANK1                           dataBANK1    00A0
__pidataBANK1                          idataBANK1   16DC
__pmaintext                            maintext     0271
__pstrings                             strings      0800
__ptext1                               text1        1531
__ptext10                              text10       14B9
__ptext11                              text11       0004
__ptext12                              text12       1465
__ptext13                              text13       1680
__ptext14                              text14       15E9
__ptext15                              text15       14E5
__ptext16                              text16       14CE
__ptext17                              text17       0BEB
__ptext18                              text18       085D
__ptext19                              text19       15C8
__ptext2                               text2        14FE
__ptext20                              text20       08EE
__ptext21                              text21       170C
__ptext22                              text22       000F
__ptext23                              text23       0E31
__ptext24                              text24       0D59
__ptext25                              text25       0CA1
__ptext26                              text26       0AC4
__ptext27                              text27       048F
__ptext28                              text28       1631
__ptext29                              text29       00A2
__ptext3                               text3        1517
__ptext30                              text30       15A7
__ptext31                              text31       1494
__ptext32                              text32       08A4
__ptext33                              text33       1567
__ptext34                              text34       1586
__ptext35                              text35       0F11
__ptext36                              text36       0938
__ptext37                              text37       0003
__ptext38                              text38       1483
__ptext39                              text39       098E
__ptext4                               text4        160D
__ptext40                              text40       09E7
__ptext41                              text41       154B
__ptext42                              text42       1658
__ptext43                              text43       1474
__ptext44                              text44       1776
__ptext5                               text5        16AC
__ptext6                               text6        1741
__ptext7                               text7        17B8
__ptext8                               text8        0A4E
__ptext9                               text9        0B3C
__stringbase                           strings      080F
__stringtab                            strings      0800
_abs                                   text38       1483
_adc                                   dataBANK1    00C9
_adc_res                               bssBANK1     00EE
_apllication_initilaize                text11       0004
_btn_values                            strings      0810
_dbuf                                  bssBANK3     0190
_ecu_initialzie                        text15       14E5
_flag                                  bssBANK0     0065
_flags                                 bssBANK1     00DE
_fputc                                 text36       0938
_gpio_pin_direction_initialize         text24       0D59
_gpio_pin_initialize                   text22       000F
_gpio_pin_read_logic                   text9        0B3C
_gpio_pin_write_logic                  text23       0E31
_keypad                                dataBANK1    00B8
_keypad_initialize                     text21       170C
_keypad_read_value                     text8        0A4E
_lcd                                   dataBANK1    00BF
_lcd_4bits_initialize                  text17       0BEB
_lcd_4bits_send_char                   text7        17B8
_lcd_4bits_send_command                text18       085D
_lcd_4bits_send_string                 text6        1741
_lcd_4bits_send_string_pos             text4        160D
_lcd_show                              bssBANK1     00E8
_lcd_show_max                          bssBANK1     00E2
_main                                  maintext     0271
_mcal_initialize                       text12       1465
_memset                                text41       154B
_motor1                                dataBANK1    00CE
_motor2                                dataBANK1    00CC
_motor_initialize                      text16       14CE
_motor_turn_left                       text3        1517
_motor_turn_off                        text2        14FE
_motor_turn_right                      text1        1531
_pass                                  dataBANK1    00B4
_port_registers                        dataBANK1    00A0
_prec                                  bssBANK1     00DC
_putch                                 text37       0003
_send_4bits                            text20       08EE
_send_enable_signal                    text19       15C8
_set_cursor                            text5        16AC
_sprintf                               text33       1567
_temp                                  dataBANK1    00C5
_tris_registers                        dataBANK1    00AA
_val                                   bssBANK0     006F
_vfpfcnvrt                             text35       0F11
_vfprintf                              text34       1586
_width                                 bssBANK1     00DA
abs@a                                  cstackCOMMON 0076
btemp                                  (abs)        007E
clear_ram0                             clrtext      146C
end_of_initialization                  cinit        07FC
fputc@c                                cstackCOMMON 0070
fputc@fp                               cstackCOMMON 0072
gpio_pin_direction_initialize@pin      cstackCOMMON 0075
gpio_pin_initialize@pin                cstackCOMMON 007B
gpio_pin_initialize@ret                cstackCOMMON 007A
gpio_pin_read_logic@logic              cstackCOMMON 0070
gpio_pin_read_logic@pin                cstackCOMMON 0077
gpio_pin_read_logic@ret                cstackCOMMON 0076
gpio_pin_write_logic@logic             cstackCOMMON 0070
gpio_pin_write_logic@pin               cstackCOMMON 0077
gpio_pin_write_logic@ret               cstackCOMMON 0076
init_fetch0                            inittext     14A6
init_ram0                              inittext     14AA
intlevel0                              functab      0000
intlevel1                              functab      0000
intlevel2                              functab      0000
intlevel3                              functab      0000
intlevel4                              functab      0000
intlevel5                              functab      0000
keypad_initialize@keypad               cstackBANK0  0020
keypad_initialize@l_coloumns           cstackBANK0  0022
keypad_initialize@l_rows               cstackBANK0  0021
keypad_read_value@counter              cstackBANK0  0021
keypad_read_value@keypad               cstackBANK0  0022
keypad_read_value@l_coloumns           cstackBANK0  0024
keypad_read_value@l_rows               cstackBANK0  0023
keypad_read_value@val                  cstackBANK0  0020
keypad_read_value@value                cstackCOMMON 0078
lcd_4bits_initialize@counter           cstackBANK0  0025
lcd_4bits_initialize@lcd               cstackBANK0  0027
lcd_4bits_initialize@ret               cstackBANK0  0026
lcd_4bits_send_char@data               cstackCOMMON 007C
lcd_4bits_send_char@lcd                cstackBANK0  0021
lcd_4bits_send_char@ret                cstackBANK0  0020
lcd_4bits_send_command@command         cstackCOMMON 007C
lcd_4bits_send_command@lcd             cstackBANK0  0021
lcd_4bits_send_command@ret             cstackBANK0  0020
lcd_4bits_send_string@data             cstackBANK0  0022
lcd_4bits_send_string@lcd              cstackBANK0  0025
lcd_4bits_send_string@ret              cstackBANK0  0024
lcd_4bits_send_string_pos@Row          cstackBANK0  0026
lcd_4bits_send_string_pos@coloumn      cstackBANK0  0027
lcd_4bits_send_string_pos@data         cstackBANK0  0028
lcd_4bits_send_string_pos@lcd          cstackBANK0  002B
lcd_4bits_send_string_pos@ret          cstackBANK0  002A
main@counter                           cstackBANK0  0061
main@i                                 cstackBANK0  0062
memset@c                               cstackCOMMON 0070
memset@dest                            cstackCOMMON 0075
memset@n                               cstackCOMMON 0072
memset@p                               cstackCOMMON 0074
motor_initialize@motor                 cstackCOMMON 007D
motor_initialize@ret                   cstackCOMMON 007C
motor_turn_left@motor                  cstackCOMMON 0079
motor_turn_left@ret                    cstackCOMMON 0078
motor_turn_off@motor                   cstackCOMMON 0079
motor_turn_off@ret                     cstackCOMMON 0078
motor_turn_right@motor                 cstackCOMMON 0079
motor_turn_right@ret                   cstackCOMMON 0078
reset_vec                              reset_vec    0000
send_4bits@command                     cstackCOMMON 0078
send_4bits@lcd                         cstackCOMMON 007B
send_4bits@ret                         cstackCOMMON 007A
send_enable_signal@lcd                 cstackCOMMON 007A
send_enable_signal@ret                 cstackCOMMON 0079
set_cursor@Row                         cstackBANK0  0022
set_cursor@coloumn                     cstackBANK0  0023
set_cursor@lcd                         cstackBANK0  0025
set_cursor@ret                         cstackBANK0  0024
sprintf@ap                             cstackBANK0  0030
sprintf@f                              cstackBANK0  0032
sprintf@fmt                            cstackBANK0  002C
sprintf@s                              cstackBANK0  0031
start                                  init         0000
start_initialization                   cinit        07D4
vfpfcnvrt@ap                           cstackCOMMON 007B
vfpfcnvrt@c                            cstackBANK0  0027
vfpfcnvrt@convarg                      cstackBANK0  0023
vfpfcnvrt@cp                           cstackBANK0  0022
vfpfcnvrt@done                         cstackBANK0  0020
vfpfcnvrt@fmt                          cstackCOMMON 007A
vfpfcnvrt@fp                           cstackBANK0  0021
vfprintf@ap                            cstackBANK0  0029
vfprintf@cfmt                          cstackBANK0  002B
vfprintf@fmt                           cstackBANK0  0028
vfprintf@fp                            cstackBANK0  002A
wtemp0                                 (abs)        007E


MODULE INFORMATION

Module		Function		Class		Link	Load	Size
C:\Program Files\Microchip\xc8\v2.46\pic\sources\c99\common\fltol.c
		___fltol       		CODE           	0AC4	0000	120

C:\Program Files\Microchip\xc8\v2.46\pic\sources\c99\common\fltol.c estimated size: 120

C:\Program Files\Microchip\xc8\v2.46\pic\sources\c99\common\Umul8_16.c
		__Umul8_16     		CODE           	1631	0000	39

C:\Program Files\Microchip\xc8\v2.46\pic\sources\c99\common\Umul8_16.c estimated size: 39

ECU_LAYER/KEYPAD/ecu_keypad.c
		_keypad_read_value		CODE           	0A4E	0000	118
		_keypad_initialize		CODE           	170C	0000	53

ECU_LAYER/KEYPAD/ecu_keypad.c estimated size: 171

C:\Program Files\Microchip\xc8\v2.46\pic\sources\c99\common\nf_fputc.c
		_fputc         		CODE           	0938	0000	86

C:\Program Files\Microchip\xc8\v2.46\pic\sources\c99\common\nf_fputc.c estimated size: 86

Temperature_Controlled_Fan_System.c
		_main          		CODE           	0271	0000	542
		_apllication_initilaize		CODE           	0004	0000	11

Temperature_Controlled_Fan_System.c estimated size: 553

C:\Program Files\Microchip\xc8\v2.46\pic\sources\c99\common\awdiv.c
		___awdiv       		CODE           	09E7	0000	103

C:\Program Files\Microchip\xc8\v2.46\pic\sources\c99\common\awdiv.c estimated size: 103

C:\Program Files\Microchip\xc8\v2.46\pic\sources\c99\common\xxtofl.c
		___xxtofl      		CODE           	0CA1	0000	184

C:\Program Files\Microchip\xc8\v2.46\pic\sources\c99\common\xxtofl.c estimated size: 184

MCAL_LAYER/ADC/hal_adc.c
		_ADC_Start_Conversion		CODE           	1474	0000	15
		_Result_Format 		CODE           	15E9	0000	36
		_ADC_Get_Conversion_Result		CODE           	1776	0000	66
		_ADC_Start_Conversion_Blocking		CODE           	1658	0000	40
		_ADC_INIT      		CODE           	1680	0000	44

MCAL_LAYER/ADC/hal_adc.c estimated size: 201

C:\Program Files\Microchip\xc8\v2.46\pic\sources\c99\common\Umul8.c
		___bmul        		CODE           	14B9	0000	21

C:\Program Files\Microchip\xc8\v2.46\pic\sources\c99\common\Umul8.c estimated size: 21

MCAL_LAYER/MCAL_LAYER.c
		_mcal_initialize		CODE           	1465	0000	7

MCAL_LAYER/MCAL_LAYER.c estimated size: 7

C:\Program Files\Microchip\xc8\v2.46\pic\sources\c99\common\sprcmul.c
		___flmul       		CODE           	048F	0000	837

C:\Program Files\Microchip\xc8\v2.46\pic\sources\c99\common\sprcmul.c estimated size: 837

MCAL_LAYER/GPIO/mcal_gpio.c
		_gpio_pin_write_logic		CODE           	0E31	0000	224
		_gpio_pin_read_logic		CODE           	0B3C	0000	175
		_gpio_pin_direction_initialize		CODE           	0D59	0000	216
		_gpio_pin_initialize		CODE           	000F	0000	147

MCAL_LAYER/GPIO/mcal_gpio.c estimated size: 762

MCAL_LAYER/EEPROM/eeprom.c
		_WRITE_DATA_EEPROM		CODE           	15A7	0000	33
		_READ_DATA_EEPROM		CODE           	1494	0000	18

MCAL_LAYER/EEPROM/eeprom.c estimated size: 51

C:\Program Files\Microchip\xc8\v2.46\pic\sources\c99\common\memset.c
		_memset        		CODE           	154B	0000	28

C:\Program Files\Microchip\xc8\v2.46\pic\sources\c99\common\memset.c estimated size: 28

C:\Program Files\Microchip\xc8\v2.46\pic\sources\c99\common\sprcdiv.c
		___fldiv       		CODE           	00A2	0000	463

C:\Program Files\Microchip\xc8\v2.46\pic\sources\c99\common\sprcdiv.c estimated size: 463

C:\Program Files\Microchip\xc8\v2.46\pic\sources\c99\common\doprnt.c
		_vfpfcnvrt     		CODE           	0F11	0000	239
		_vfprintf      		CODE           	1586	0000	33

C:\Program Files\Microchip\xc8\v2.46\pic\sources\c99\common\doprnt.c estimated size: 272

C:\Program Files\Microchip\xc8\v2.46\pic\sources\c99\common\nf_sprintf.c
		_sprintf       		CODE           	1567	0000	31

C:\Program Files\Microchip\xc8\v2.46\pic\sources\c99\common\nf_sprintf.c estimated size: 31

ECU_LAYER/ECU_LAYER.c
		_ecu_initialzie		CODE           	14E5	0000	25

ECU_LAYER/ECU_LAYER.c estimated size: 25

shared
		__stringtab    		STRING         	0800	0000	16
		_btn_values    		STRING         	0810	0000	12
		__initialization		CODE           	07D4	0000	40

shared estimated size: 68

C:\Program Files\Microchip\xc8\v2.46\pic\sources\c99\common\putch.c
		_putch         		CODE           	0003	0000	1

C:\Program Files\Microchip\xc8\v2.46\pic\sources\c99\common\putch.c estimated size: 1

ECU_LAYER/LCD/ecu_lcd.c
		_Convert_uint16_to_string		CODE           	08A4	0000	74
		_send_enable_signal		CODE           	15C8	0000	33
		_lcd_4bits_initialize		CODE           	0BEB	0000	182
		_lcd_4bits_send_string		CODE           	1741	0000	53
		_set_cursor    		CODE           	16AC	0000	48
		_send_4bits    		CODE           	08EE	0000	74
		_lcd_4bits_send_command		CODE           	085D	0000	71
		_lcd_4bits_send_char		CODE           	17B8	0000	72
		_lcd_4bits_send_string_pos		CODE           	160D	0000	36

ECU_LAYER/LCD/ecu_lcd.c estimated size: 643

C:\Program Files\Microchip\xc8\v2.46\pic\sources\c99\common\abs.c
		_abs           		CODE           	1483	0000	17

C:\Program Files\Microchip\xc8\v2.46\pic\sources\c99\common\abs.c estimated size: 17

C:\Program Files\Microchip\xc8\v2.46\pic\sources\c99\common\awmod.c
		___awmod       		CODE           	098E	0000	89

C:\Program Files\Microchip\xc8\v2.46\pic\sources\c99\common\awmod.c estimated size: 89

ECU_LAYER/Motor/ecu_motor_driver.c
		_motor_turn_right		CODE           	1531	0000	26
		_motor_turn_off		CODE           	14FE	0000	25
		_motor_initialize		CODE           	14CE	0000	23
		_motor_turn_left		CODE           	1517	0000	26

ECU_LAYER/Motor/ecu_motor_driver.c estimated size: 100

