Microchip MPLAB XC8 Compiler V2.46

Linker command line:

-W-3 \
  --edf=C:\Program Files\Microchip\xc8\v2.46\pic\dat\20240104201356_en.msgs \
  -cn -h+dist/default/debug\Temperature-Controlled_Fan_System.X.debug.sym \
  --cmf=dist/default/debug\Temperature-Controlled_Fan_System.X.debug.cmf -z \
  -Q16F877A -oC:\Users\PC\AppData\Local\Temp\xcAsa9o.\driver_tmp_3.o \
  --defsym=__MPLAB_BUILD=1 --fixupoverflow=error \
  -Mdist/default/debug/Temperature-Controlled_Fan_System.X.debug.map \
  --md=C:\Users\PC\AppData\Local\Temp\xcAsa9o.\driver_tmp_0.dat -E1 \
  -ver=XC8 Compiler --acfsm=1493 -ACODE=00h-07FFhx4 -ASTRCODE=00h-01FFFh \
  -ASTRING=00h-0FFhx32 -ACONST=00h-0FFhx32 -AENTRY=00h-0FFhx32 \
  -ACOMMON=070h-07Fh -ABANK0=020h-06Fh -ABANK1=0A0h-0EFh \
  -ABANK2=0110h-016Fh -ABANK3=0190h-01EFh \
  -ARAM=020h-06Fh,0A0h-0EFh,0110h-016Fh,0190h-01EFh \
  -AABS1=020h-07Fh,0A0h-0EFh,0110h-016Fh,0190h-01EFh -ASFR0=00h-01Fh \
  -ASFR1=080h-09Fh -ASFR2=0100h-010Fh -ASFR3=0180h-018Fh \
  -ACONFIG=02007h-02007h -DCONFIG=2 -AIDLOC=02000h-02003h -DIDLOC=2 \
  -AEEDATA=00h-0FFh/02100h -peeprom_data=EEDATA -DEEDATA=2 -DCODE=2 \
  -DSTRCODE=2 -DSTRING=2 -DCONST=2 -DENTRY=2 \
  -preset_vec=00h,intentry,sivt,init,end_init -ppowerup=CODE -pcinit=CODE \
  -pfunctab=ENTRY -k \
  C:\Users\PC\AppData\Local\Temp\xcAsa9o.\driver_tmp_12.o \
  dist/default/debug\Temperature-Controlled_Fan_System.X.debug.o 

Object code version is 3.11

Machine type is 16F877A



                Name                               Link     Load   Length Selector   Space Scale
C:\Users\PC\AppData\Local\Temp\xcAsa9o.\driver_tmp_12.o
                end_init                              0        0        3        0       0
                config                             2007     2007        1        0       4
dist/default/debug\Temperature-Controlled_Fan_System.X.debug.o
                cinit                               7EE      7EE       12      FDC       0
                config                             2007     2007        1        0       4
                text11                              636      636       D8      C6C       0
                text10                              70E      70E       E0      E1C       0
                text9                               4EA      4EA       93      9D4       0
                text8                               4A0      4A0       4A      940       0
                text7                               3F0      3F0       21      7E0       0
                text6                               411      411       47      822       0
                text5                               57D      57D       B9      AFA       0
                text4                               3BB      3BB       17      776       0
                text3                               395      395       13      72A       0
                text2                               37E      37E        6      6FC       0
                text1                               458      458       48      8B0       0
                maintext                            384      384       11      708       0
                cstackBANK0                          3E       3E        8       20       1
                cstackCOMMON                         70       70        E       70       1
                inittext                            3A8      3A8       13      750       0
                dataBANK0                            20       20       1E       20       1
                idataBANK0                          3D2      3D2       1E      7A4       0

TOTAL           Name                               Link     Load   Length     Space
        CLASS   CODE           
                end_init                              0        0        3         0
                cinit                               7EE      7EE       12         0
                text11                              636      636       D8         0
                text10                              70E      70E       E0         0
                text9                               4EA      4EA       93         0
                text8                               4A0      4A0       4A         0
                text7                               3F0      3F0       21         0
                text6                               411      411       47         0
                text5                               57D      57D       B9         0
                text4                               3BB      3BB       17         0
                text3                               395      395       13         0
                text2                               37E      37E        6         0
                text1                               458      458       48         0
                maintext                            384      384       11         0
                inittext                            3A8      3A8       13         0
                idataBANK0                          3D2      3D2       1E         0

        CLASS   STRCODE        

        CLASS   STRING         

        CLASS   CONST          

        CLASS   ENTRY          

        CLASS   COMMON         
                cstackCOMMON                         70       70        E         1

        CLASS   BANK0          
                cstackBANK0                          3E       3E        8         1
                dataBANK0                            20       20       1E         1

        CLASS   BANK1          

        CLASS   BANK2          

        CLASS   BANK3          

        CLASS   RAM            

        CLASS   ABS1           
                abs_s1                               7E       7E        2         1

        CLASS   SFR0           

        CLASS   SFR1           

        CLASS   SFR2           

        CLASS   SFR3           

        CLASS   CONFIG         
                config                             2007     2007        1         4

        CLASS   IDLOC          

        CLASS   EEDATA         

        CLASS   HEAP           

        CLASS   STACK          



SEGMENTS        Name                           Load    Length   Top    Selector   Space  Class     Delta

                reset_vec                      000000  000003  000003         0       0  CODE        2
                dataBANK0                      000020  000026  000046        20       1  BANK0       1
                cstackCOMMON                   000070  00000E  00007E        70       1  COMMON      1
                text2                          00037E  000006  000384       6FC       0  CODE        2
                maintext                       000384  000011  000395       708       0  CODE        2
                text3                          000395  000013  0003A8       72A       0  CODE        2
                inittext                       0003A8  000013  0003BB       750       0  CODE        2
                text4                          0003BB  000017  0003D2       776       0  CODE        2
                idataBANK0                     0003D2  00001E  0003F0       7A4       0  CODE        2
                text7                          0003F0  000021  000411       7E0       0  CODE        2
                text6                          000411  000047  000458       822       0  CODE        2
                text1                          000458  000048  0004A0       8B0       0  CODE        2
                text8                          0004A0  00004A  0004EA       940       0  CODE        2
                text9                          0004EA  000093  00057D       9D4       0  CODE        2
                text5                          00057D  0000B9  000636       AFA       0  CODE        2
                text11                         000636  0000D8  00070E       C6C       0  CODE        2
                text10                         00070E  0000E0  0007EE       E1C       0  CODE        2
                cinit                          0007EE  000012  000800       FDC       0  CODE        2


UNUSED ADDRESS RANGES

        Name                Unused          Largest block    Delta
        BANK0            0046-006F             2A           1
        BANK1            00A0-00EF             50           1
        BANK2            0110-016F             60           1
        BANK3            0190-01EF             60           1
        CODE             0003-037D            37B           2
                         0800-1FFF            800
        CONST            0003-037D            100           2
                         0800-1FFF            100
        EEDATA           2100-21FF            100           2
        ENTRY            0003-037D            100           2
                         0800-1FFF            100
        IDLOC            2000-2003              4           2
        RAM              0046-006F             2A           1
                         00A0-00EF             50
                         0110-016F             60
                         0190-01EF             60
        SFR0             0000-001F             20           1
        SFR1             0080-009F             20           1
        SFR2             0100-010F             10           1
        SFR3             0180-018F             10           1
        STRCODE          0003-037D            37B           2
                         0800-1FFF           1800
        STRING           0003-037D            100           2
                         0800-1FFF            100

                                  Symbol Table

_PORTA                                 (abs)        0005
_PORTB                                 (abs)        0006
_PORTC                                 (abs)        0007
_PORTD                                 (abs)        0008
_PORTE                                 (abs)        0009
_TRISA                                 (abs)        0085
_TRISB                                 (abs)        0086
_TRISC                                 (abs)        0087
_TRISD                                 (abs)        0088
_TRISE                                 (abs)        0089
__H__absolute__                        __absolute__ 0000
__Habs1                                abs1         0000
__Hbank0                               bank0        0000
__Hbank1                               bank1        0000
__Hbank2                               bank2        0000
__Hbank3                               bank3        0000
__Hcinit                               cinit        0800
__Hclrtext                             clrtext      0000
__Hcode                                code         0000
__Hcommon                              common       0000
__Hconfig                              config       2008
__HcstackBANK0                         cstackBANK0  0000
__HcstackCOMMON                        cstackCOMMON 0000
__HdataBANK0                           dataBANK0    0000
__Heeprom_data                         eeprom_data  0000
__Hend_init                            end_init     0003
__Hfunctab                             functab      0000
__Hheap                                heap         0000
__HidataBANK0                          idataBANK0   0000
__Hinit                                init         0000
__Hinittext                            inittext     0000
__Hintentry                            intentry     0000
__Hmaintext                            maintext     0000
__Hpowerup                             powerup      0000
__Hram                                 ram          0000
__Hreset_vec                           reset_vec    0000
__Hsfr0                                sfr0         0000
__Hsfr1                                sfr1         0000
__Hsfr2                                sfr2         0000
__Hsfr3                                sfr3         0000
__Hsivt                                sivt         0000
__Hspace_0                             (abs)        0800
__Hspace_1                             (abs)        007E
__Hspace_2                             (abs)        0000
__Hspace_3                             (abs)        0000
__Hspace_4                             (abs)        400F
__Hstack                               stack        0000
__Hstrings                             strings      0000
__Htext                                text         0000
__L__absolute__                        __absolute__ 0000
__Labs1                                abs1         0000
__Lbank0                               bank0        0000
__Lbank1                               bank1        0000
__Lbank2                               bank2        0000
__Lbank3                               bank3        0000
__Lcinit                               cinit        07EE
__Lclrtext                             clrtext      0000
__Lcode                                code         0000
__Lcommon                              common       0000
__Lconfig                              config       0000
__LcstackBANK0                         cstackBANK0  0000
__LcstackCOMMON                        cstackCOMMON 0000
__LdataBANK0                           dataBANK0    0000
__Leeprom_data                         eeprom_data  0000
__Lend_init                            end_init     0000
__Lfunctab                             functab      0000
__Lheap                                heap         0000
__LidataBANK0                          idataBANK0   0000
__Linit                                init         0000
__Linittext                            inittext     0000
__Lintentry                            intentry     0000
__Lmaintext                            maintext     0000
__Lpowerup                             powerup      0000
__Lram                                 ram          0000
__Lreset_vec                           reset_vec    0000
__Lsfr0                                sfr0         0000
__Lsfr1                                sfr1         0000
__Lsfr2                                sfr2         0000
__Lsfr3                                sfr3         0000
__Lsivt                                sivt         0000
__Lspace_0                             (abs)        0000
__Lspace_1                             (abs)        0000
__Lspace_2                             (abs)        0000
__Lspace_3                             (abs)        0000
__Lspace_4                             (abs)        0000
__Lstack                               stack        0000
__Lstrings                             strings      0000
__Ltext                                text         0000
__S0                                   (abs)        0800
__S1                                   (abs)        007E
__S3                                   (abs)        0000
___heap_hi                             (abs)        0000
___heap_lo                             (abs)        0000
___int_sp                              stack        0000
___int_stack_hi                        stack        0000
___int_stack_lo                        stack        0000
___latbits                             (abs)        0002
___sp                                  stack        0000
___stack_hi                            stack        0000
___stack_lo                            stack        0000
___stackhi                             (abs)        0000
___stacklo                             (abs)        0000
__end_of__initialization               cinit        07FC
__end_of_apllication_initilaize        text2        0384
__end_of_ecu_initialzie                text3        03A8
__end_of_gpio_pin_direction_initialize text11       070E
__end_of_gpio_pin_initialize           text9        057D
__end_of_gpio_pin_write_logic          text10       07EE
__end_of_lcd_4bits_initialize          text5        0636
__end_of_lcd_4bits_send_char           text1        04A0
__end_of_lcd_4bits_send_command        text6        0458
__end_of_main                          maintext     0395
__end_of_motor_initialize              text4        03D2
__end_of_send_4bits                    text8        04EA
__end_of_send_enable_signal            text7        0411
__initialization                       cinit        07EE
__pcstackBANK0                         cstackBANK0  003E
__pcstackCOMMON                        cstackCOMMON 0070
__pdataBANK0                           dataBANK0    0020
__pidataBANK0                          idataBANK0   03D2
__pmaintext                            maintext     0384
__ptext1                               text1        0458
__ptext10                              text10       070E
__ptext11                              text11       0636
__ptext2                               text2        037E
__ptext3                               text3        0395
__ptext4                               text4        03BB
__ptext5                               text5        057D
__ptext6                               text6        0411
__ptext7                               text7        03F0
__ptext8                               text8        04A0
__ptext9                               text9        04EA
_apllication_initilaize                text2        037E
_ecu_initialzie                        text3        0395
_gpio_pin_direction_initialize         text11       0636
_gpio_pin_initialize                   text9        04EA
_gpio_pin_write_logic                  text10       070E
_lcd                                   dataBANK0    0034
_lcd_4bits_initialize                  text5        057D
_lcd_4bits_send_char                   text1        0458
_lcd_4bits_send_command                text6        0411
_main                                  maintext     0384
_motor1                                dataBANK0    003C
_motor2                                dataBANK0    003A
_motor_initialize                      text4        03BB
_port_registers                        dataBANK0    0020
_send_4bits                            text8        04A0
_send_enable_signal                    text7        03F0
_tris_registers                        dataBANK0    002A
btemp                                  (abs)        007E
end_of_initialization                  cinit        07FC
gpio_pin_direction_initialize@pin      cstackCOMMON 0075
gpio_pin_initialize@pin                cstackCOMMON 007B
gpio_pin_initialize@ret                cstackCOMMON 007A
gpio_pin_write_logic@logic             cstackCOMMON 0070
gpio_pin_write_logic@pin               cstackCOMMON 0077
gpio_pin_write_logic@ret               cstackCOMMON 0076
init_fetch0                            inittext     03A8
init_ram0                              inittext     03AC
intlevel0                              functab      0000
intlevel1                              functab      0000
intlevel2                              functab      0000
intlevel3                              functab      0000
intlevel4                              functab      0000
intlevel5                              functab      0000
lcd_4bits_initialize@counter           cstackBANK0  0043
lcd_4bits_initialize@lcd               cstackBANK0  0045
lcd_4bits_initialize@ret               cstackBANK0  0044
lcd_4bits_send_char@data               cstackCOMMON 007C
lcd_4bits_send_char@lcd                cstackBANK0  003F
lcd_4bits_send_char@ret                cstackBANK0  003E
lcd_4bits_send_command@command         cstackCOMMON 007C
lcd_4bits_send_command@lcd             cstackBANK0  003F
lcd_4bits_send_command@ret             cstackBANK0  003E
motor_initialize@motor                 cstackCOMMON 007D
motor_initialize@ret                   cstackCOMMON 007C
reset_vec                              reset_vec    0000
send_4bits@command                     cstackCOMMON 0078
send_4bits@lcd                         cstackCOMMON 007B
send_4bits@ret                         cstackCOMMON 007A
send_enable_signal@lcd                 cstackCOMMON 007A
send_enable_signal@ret                 cstackCOMMON 0079
start                                  init         0000
start_initialization                   cinit        07EE
wtemp0                                 (abs)        007E


MODULE INFORMATION

Module		Function		Class		Link	Load	Size
Temperature_Controlled_Fan_System.c
		_main          		CODE           	0384	0000	17
		_apllication_initilaize		CODE           	037E	0000	6

Temperature_Controlled_Fan_System.c estimated size: 23

MCAL_LAYER/GPIO/mcal_gpio.c
		_gpio_pin_write_logic		CODE           	070E	0000	224
		_gpio_pin_direction_initialize		CODE           	0636	0000	216
		_gpio_pin_initialize		CODE           	04EA	0000	147

MCAL_LAYER/GPIO/mcal_gpio.c estimated size: 587

ECU_LAYER/ECU_LAYER.c
		_ecu_initialzie		CODE           	0395	0000	19

ECU_LAYER/ECU_LAYER.c estimated size: 19

shared
		__initialization		CODE           	07EE	0000	14

shared estimated size: 14

ECU_LAYER/LCD/ecu_lcd.c
		_send_enable_signal		CODE           	03F0	0000	33
		_lcd_4bits_initialize		CODE           	057D	0000	185
		_send_4bits    		CODE           	04A0	0000	74
		_lcd_4bits_send_command		CODE           	0411	0000	71
		_lcd_4bits_send_char		CODE           	0458	0000	72

ECU_LAYER/LCD/ecu_lcd.c estimated size: 435

ECU_LAYER/Motor/ecu_motor_driver.c
		_motor_initialize		CODE           	03BB	0000	23

ECU_LAYER/Motor/ecu_motor_driver.c estimated size: 23

