Microchip MPLAB XC8 Compiler V2.46

Linker command line:

-W-3 \
  --edf=C:\Program Files\Microchip\xc8\v2.46\pic\dat\20240104201356_en.msgs \
  -cn -h+dist/default/debug\Temperature-Controlled_Fan_System.X.debug.sym \
  --cmf=dist/default/debug\Temperature-Controlled_Fan_System.X.debug.cmf -z \
  -Q16F877A -oC:\Users\PC\AppData\Local\Temp\xcAs3m8.\driver_tmp_3.o \
  --defsym=__MPLAB_BUILD=1 --fixupoverflow=error \
  -Mdist/default/debug/Temperature-Controlled_Fan_System.X.debug.map \
  --md=C:\Users\PC\AppData\Local\Temp\xcAs3m8.\driver_tmp_0.dat -E1 \
  -ver=XC8 Compiler --acfsm=1493 -ACODE=00h-07FFhx4 -ASTRCODE=00h-01FFFh \
  -ASTRING=00h-0FFhx32 -ACONST=00h-0FFhx32 -AENTRY=00h-0FFhx32 \
  -ACOMMON=070h-07Fh -ABANK0=020h-06Fh -ABANK1=0A0h-0EFh \
  -ABANK2=0110h-016Fh -ABANK3=0190h-01EFh \
  -ARAM=020h-06Fh,0A0h-0EFh,0110h-016Fh,0190h-01EFh \
  -AABS1=020h-07Fh,0A0h-0EFh,0110h-016Fh,0190h-01EFh -ASFR0=00h-01Fh \
  -ASFR1=080h-09Fh -ASFR2=0100h-010Fh -ASFR3=0180h-018Fh \
  -ACONFIG=02007h-02007h -DCONFIG=2 -AIDLOC=02000h-02003h -DIDLOC=2 \
  -AEEDATA=00h-0FFh/02100h -peeprom_data=EEDATA -DEEDATA=2 -DCODE=2 \
  -DSTRCODE=2 -DSTRING=2 -DCONST=2 -DENTRY=2 \
  -preset_vec=00h,intentry=04h,sivt,init,end_init -ppowerup=CODE \
  -pcinit=CODE -pfunctab=ENTRY -k \
  C:\Users\PC\AppData\Local\Temp\xcAs3m8.\driver_tmp_12.o \
  dist/default/debug\Temperature-Controlled_Fan_System.X.debug.o 

Object code version is 3.11

Machine type is 16F877A



                Name                               Link     Load   Length Selector   Space Scale
C:\Users\PC\AppData\Local\Temp\xcAs3m8.\driver_tmp_12.o
                end_init                             10       10        3        8       0
                reset_vec                             0        0        3        0       0
                config                             2007     2007        1        0       4
dist/default/debug\Temperature-Controlled_Fan_System.X.debug.o
                cinit                                13       13       2B        8       0
                functab                              3E       3E        A       7C       0
                intentry                              4        4        C        8       0
                config                             2007     2007        1        0       4
                text11                              208      208       A2       90       0
                text10                              411      411        7      814       0
                text9                               3F2      3F2        F       90       0
                text8                               3B8      3B8       18       90       0
                text7                               12A      12A       DE       90       0
                text6                               343      343       2A       90       0
                text5                               36D      36D       26       90       0
                text4                                48       48       E2       90       0
                text3                               2AA      2AA       99       90       0
                text2                               40A      40A        7      814       0
                text1                               418      418        6      814       0
                maintext                            3E3      3E3        F       90       0
                cstackBANK0                          45       45        C       20       1
                cstackCOMMON                         70       70        A       70       1
                inittext                            3D0      3D0       13       90       0
                dataBANK0                            20       20       25       20       1
                bssBANK0                             51       51        1       20       1
                dataCOMMON                           7A       7A        4       70       1
                strings                             401      401        9      802       0
                idataBANK0                          393      393       25       90       0
                idataCOMMON                         41E      41E        4      814       0

TOTAL           Name                               Link     Load   Length     Space
        CLASS   CODE           
                end_init                             10       10        3         0
                cinit                                13       13       2B         0
                intentry                              4        4        C         0
                reset_vec                             0        0        3         0
                text11                              208      208       A2         0
                text10                              411      411        7         0
                text9                               3F2      3F2        F         0
                text8                               3B8      3B8       18         0
                text7                               12A      12A       DE         0
                text6                               343      343       2A         0
                text5                               36D      36D       26         0
                text4                                48       48       E2         0
                text3                               2AA      2AA       99         0
                text2                               40A      40A        7         0
                text1                               418      418        6         0
                maintext                            3E3      3E3        F         0
                inittext                            3D0      3D0       13         0
                idataBANK0                          393      393       25         0
                idataCOMMON                         41E      41E        4         0

        CLASS   STRCODE        

        CLASS   STRING         
                strings                             401      401        9         0

        CLASS   CONST          

        CLASS   ENTRY          
                functab                              3E       3E        A         0

        CLASS   COMMON         
                cstackCOMMON                         70       70        A         1
                dataCOMMON                           7A       7A        4         1

        CLASS   BANK0          
                cstackBANK0                          45       45        C         1
                dataBANK0                            20       20       25         1
                bssBANK0                             51       51        1         1

        CLASS   BANK1          

        CLASS   BANK2          

        CLASS   BANK3          

        CLASS   RAM            

        CLASS   ABS1           
                abs_s1                               7E       7E        2         1

        CLASS   SFR0           

        CLASS   SFR1           

        CLASS   SFR2           

        CLASS   SFR3           

        CLASS   CONFIG         
                config                             2007     2007        1         4

        CLASS   IDLOC          

        CLASS   EEDATA         

        CLASS   HEAP           

        CLASS   STACK          



SEGMENTS        Name                           Load    Length   Top    Selector   Space  Class     Delta

                reset_vec                      000000  000003  000003         0       0  CODE        2
                intentry                       000004  00003A  00003E         8       0  CODE        2
                dataBANK0                      000020  000032  000052        20       1  BANK0       1
                cstackCOMMON                   000070  00000E  00007E        70       1  COMMON      1
                functab                        00003E  00000A  000048        7C       0  ENTRY       2
                text4                          000048  0003B9  000401        90       0  CODE        2
                strings                        000401  000009  00040A       802       0  STRING      2
                text2                          00040A  000018  000422       814       0  CODE        2


UNUSED ADDRESS RANGES

        Name                Unused          Largest block    Delta
        BANK0            0052-006F             1E           1
        BANK1            00A0-00EF             50           1
        BANK2            0110-016F             60           1
        BANK3            0190-01EF             60           1
        CODE             0003-0003              1           2
                         0422-1FFF            800
        CONST            0003-0003              1           2
                         0422-1FFF            100
        EEDATA           2100-21FF            100           2
        ENTRY            0003-0003              1           2
                         0422-1FFF            100
        IDLOC            2000-2003              4           2
        RAM              0052-006F             1E           1
                         00A0-00EF             50
                         0110-016F             60
                         0190-01EF             60
        SFR0             0000-001F             20           1
        SFR1             0080-009F             20           1
        SFR2             0100-010F             10           1
        SFR3             0180-018F             10           1
        STRCODE          0003-0003              1           2
                         0422-1FFF           1BDE
        STRING           0003-0003              1           2
                         0422-1FFF            100

                                  Symbol Table

Enable_INTX@F1584                      dataBANK0    003E
Enable_INTX@intx                       cstackBANK0  004C
Enable_INTX@pin_obj                    cstackBANK0  004D
_EXT__HANDLER                          bssBANK0     0051
_Enable_INTX                           text5        036D
_INTCONbits                            (abs)        000B
_ISR_INTX                              text9        03F2
_InterruptManager                      text8        03B8
_OPTION_REGbits                        (abs)        0081
_PORTA                                 (abs)        0005
_PORTB                                 (abs)        0006
_PORTC                                 (abs)        0007
_PORTD                                 (abs)        0008
_PORTE                                 (abs)        0009
_TRISA                                 (abs)        0085
_TRISB                                 (abs)        0086
_TRISC                                 (abs)        0087
_TRISD                                 (abs)        0088
_TRISE                                 (abs)        0089
__H__absolute__                        __absolute__ 0000
__Habs1                                abs1         0090
__Hbank0                               bank0        0090
__Hbank1                               bank1        0090
__Hbank2                               bank2        0090
__Hbank3                               bank3        0090
__HbssBANK0                            bssBANK0     0090
__Hcinit                               cinit        003E
__Hclrtext                             clrtext      0090
__Hcode                                code         0090
__Hcommon                              common       0090
__Hconfig                              config       2008
__HcstackBANK0                         cstackBANK0  0090
__HcstackCOMMON                        cstackCOMMON 0090
__HdataBANK0                           dataBANK0    0090
__HdataCOMMON                          dataCOMMON   0090
__Heeprom_data                         eeprom_data  0000
__Hend_init                            end_init     0013
__Hfunctab                             functab      0048
__Hheap                                heap         0090
__HidataBANK0                          idataBANK0   0090
__HidataCOMMON                         idataCOMMON  0090
__Hinit                                init         0010
__Hinittext                            inittext     0090
__Hintentry                            intentry     0010
__Hmaintext                            maintext     0090
__Hpowerup                             powerup      0000
__Hram                                 ram          0090
__Hreset_vec                           reset_vec    0003
__Hsfr0                                sfr0         0090
__Hsfr1                                sfr1         0090
__Hsfr2                                sfr2         0090
__Hsfr3                                sfr3         0090
__Hsivt                                sivt         0010
__Hspace_0                             (abs)        0422
__Hspace_1                             (abs)        007E
__Hspace_2                             (abs)        0090
__Hspace_3                             (abs)        0000
__Hspace_4                             (abs)        400F
__Hstack                               stack        0090
__Hstrings                             strings      0090
__Htext                                text         0090
__L__absolute__                        __absolute__ 0000
__Labs1                                abs1         0090
__Lbank0                               bank0        0090
__Lbank1                               bank1        0090
__Lbank2                               bank2        0090
__Lbank3                               bank3        0090
__LbssBANK0                            bssBANK0     0090
__Lcinit                               cinit        0013
__Lclrtext                             clrtext      0090
__Lcode                                code         0090
__Lcommon                              common       0090
__Lconfig                              config       0000
__LcstackBANK0                         cstackBANK0  0090
__LcstackCOMMON                        cstackCOMMON 0090
__LdataBANK0                           dataBANK0    0090
__LdataCOMMON                          dataCOMMON   0090
__Leeprom_data                         eeprom_data  0000
__Lend_init                            end_init     0010
__Lfunctab                             functab      003E
__Lheap                                heap         0090
__LidataBANK0                          idataBANK0   0090
__LidataCOMMON                         idataCOMMON  0090
__Linit                                init         0010
__Linittext                            inittext     0090
__Lintentry                            intentry     0004
__Lmaintext                            maintext     0090
__Lpowerup                             powerup      0000
__Lram                                 ram          0090
__Lreset_vec                           reset_vec    0000
__Lsfr0                                sfr0         0090
__Lsfr1                                sfr1         0090
__Lsfr2                                sfr2         0090
__Lsfr3                                sfr3         0090
__Lsivt                                sivt         0010
__Lspace_0                             (abs)        0000
__Lspace_1                             (abs)        0000
__Lspace_2                             (abs)        0000
__Lspace_3                             (abs)        0000
__Lspace_4                             (abs)        0000
__Lstack                               stack        0090
__Lstrings                             strings      0090
__Ltext                                text         0090
__S0                                   (abs)        0422
__S1                                   (abs)        007E
__S3                                   (abs)        0000
___heap_hi                             (abs)        0000
___heap_lo                             (abs)        0000
___int_sp                              stack        0090
___int_stack_hi                        stack        0090
___int_stack_lo                        stack        0090
___latbits                             (abs)        0002
___sp                                  stack        0090
___stack_hi                            stack        0090
___stack_lo                            stack        0090
___stackhi                             (abs)        0000
___stacklo                             (abs)        0000
__end_of_Enable_INTX                   text5        0393
__end_of_ISR_INTX                      text9        0401
__end_of_InterruptManager              text8        03D0
__end_of__i1fptable                    functab      0048
__end_of__initialization               cinit        003A
__end_of__stringtab                    strings      0407
__end_of_apllication_initilaize        text1        041E
__end_of_ecu_initialzie                text2        0411
__end_of_gpio_pin_direction_initialize text7        0208
__end_of_gpio_pin_initialize           text3        0343
__end_of_gpio_pin_toggle_logic         text11       02AA
__end_of_gpio_pin_write_logic          text4        012A
__end_of_isr                           text10       0418
__end_of_main                          maintext     03F2
__end_of_set_src_intx                  text6        036D
__i1fptable                            functab      003F
__initialization                       cinit        0013
__pbssBANK0                            bssBANK0     0051
__pcstackBANK0                         cstackBANK0  0045
__pcstackCOMMON                        cstackCOMMON 0070
__pdataBANK0                           dataBANK0    0020
__pdataCOMMON                          dataCOMMON   007A
__pfunctab                             functab      003E
__pidataBANK0                          idataBANK0   0393
__pidataCOMMON                         idataCOMMON  041E
__pintentry                            intentry     0004
__pmaintext                            maintext     03E3
__pstrings                             strings      0401
__ptext1                               text1        0418
__ptext10                              text10       0411
__ptext11                              text11       0208
__ptext2                               text2        040A
__ptext3                               text3        02AA
__ptext4                               text4        0048
__ptext5                               text5        036D
__ptext6                               text6        0343
__ptext7                               text7        012A
__ptext8                               text8        03B8
__ptext9                               text9        03F2
__size_of__i1fptable                   (abs)        0000
__stringbase                           strings      0406
__stringtab                            strings      0401
_apllication_initilaize                text1        0418
_ecu_initialzie                        text2        040A
_gpio_pin_direction_initialize         text7        012A
_gpio_pin_initialize                   text3        02AA
_gpio_pin_toggle_logic                 text11       0208
_gpio_pin_write_logic                  text4        0048
_int1                                  dataBANK0    0042
_isr                                   text10       0411
_main                                  maintext     03E3
_pin1                                  dataBANK0    0044
_port_registers                        dataBANK0    0020
_set_src_intx                          text6        0343
_tris_registers                        dataBANK0    002A
btemp                                  (abs)        007E
end_of_initialization                  cinit        003A
fpbase                                 (abs)        0000
fptable                                functab      003E
fptotal                                (abs)        0000
gpio_pin_direction_initialize@pin      cstackBANK0  004B
gpio_pin_direction_initialize@ret      cstackBANK0  004A
gpio_pin_initialize@pin                cstackBANK0  0050
gpio_pin_initialize@ret                cstackBANK0  004F
gpio_pin_toggle_logic@pin              cstackCOMMON 0075
gpio_pin_write_logic@logic             cstackBANK0  0045
gpio_pin_write_logic@pin               cstackBANK0  004C
gpio_pin_write_logic@ret               cstackBANK0  004B
i1fpbase                               functab      0044
i1fptable                              functab      003F
i1fptotal                              (abs)        0002
init_fetch0                            inittext     03D0
init_ram0                              inittext     03D4
interrupt_function                     intentry     0004
intlevel0                              functab      003E
intlevel1                              functab      003E
intlevel2                              functab      003E
intlevel3                              functab      003E
intlevel4                              functab      003E
intlevel5                              functab      003E
reset_vec                              reset_vec    0000
saved_w                                (abs)        007E
set_src_intx@intx                      cstackBANK0  0048
set_src_intx@ret                       cstackBANK0  0047
start                                  init         0010
start_initialization                   cinit        0013
wtemp0                                 (abs)        007E


MODULE INFORMATION

Module		Function		Class		Link	Load	Size
Temperature_Controlled_Fan_System.c
		_main          		CODE           	03E3	0000	15
		_isr           		CODE           	0411	0000	7
		_apllication_initilaize		CODE           	0418	0000	6

Temperature_Controlled_Fan_System.c estimated size: 28

MCAL_LAYER/INTERRUPT/interrupt_manager.c
		_InterruptManager		CODE           	03B8	0000	24

MCAL_LAYER/INTERRUPT/interrupt_manager.c estimated size: 24

MCAL_LAYER/GPIO/mcal_gpio.c
		_gpio_pin_write_logic		CODE           	0048	0000	226
		_gpio_pin_direction_initialize		CODE           	012A	0000	222
		_gpio_pin_toggle_logic		CODE           	0208	0000	162
		_gpio_pin_initialize		CODE           	02AA	0000	153

MCAL_LAYER/GPIO/mcal_gpio.c estimated size: 763

MCAL_LAYER/INTERRUPT/external_interrupt.c
		_Enable_INTX   		CODE           	036D	0000	38
		_ISR_INTX      		CODE           	03F2	0000	15
		_set_src_intx  		CODE           	0343	0000	42

MCAL_LAYER/INTERRUPT/external_interrupt.c estimated size: 95

ECU_LAYER/ECU_LAYER.c
		_ecu_initialzie		CODE           	040A	0000	7

ECU_LAYER/ECU_LAYER.c estimated size: 7

shared
		__stringtab    		STRING         	0401	0000	6
		__i1fptable    		ENTRY          	003F	0000	9
		__initialization		CODE           	0013	0000	39

shared estimated size: 54

