Microchip MPLAB XC8 Compiler V2.46

Linker command line:

-W-3 \
  --edf=C:\Program Files\Microchip\xc8\v2.46\pic\dat\20240104201356_en.msgs \
  -cn -h+dist/default/debug\Temperuture_Controlled_Fan_System.debug.sym \
  --cmf=dist/default/debug\Temperuture_Controlled_Fan_System.debug.cmf -z \
  -Q16F877A -oC:\Users\mylap\AppData\Local\Temp\xcAsc4c.\driver_tmp_3.o \
  --defsym=__MPLAB_BUILD=1 --fixupoverflow=error \
  -Mdist/default/debug/Temperuture_Controlled_Fan_System.debug.map \
  --md=C:\Users\mylap\AppData\Local\Temp\xcAsc4c.\driver_tmp_0.dat -E1 \
  -ver=XC8 Compiler --acfsm=1493 -ACODE=00h-07FFhx4 -ASTRCODE=00h-01FFFh \
  -ASTRING=00h-0FFhx32 -ACONST=00h-0FFhx32 -AENTRY=00h-0FFhx32 \
  -ACOMMON=070h-07Fh -ABANK0=020h-06Fh -ABANK1=0A0h-0EFh \
  -ABANK2=0110h-016Fh -ABANK3=0190h-01EFh \
  -ARAM=020h-06Fh,0A0h-0EFh,0110h-016Fh,0190h-01EFh \
  -AABS1=020h-07Fh,0A0h-0EFh,0110h-016Fh,0190h-01EFh -ASFR0=00h-01Fh \
  -ASFR1=080h-09Fh -ASFR2=0100h-010Fh -ASFR3=0180h-018Fh \
  -ACONFIG=02007h-02007h -DCONFIG=2 -AIDLOC=02000h-02003h -DIDLOC=2 \
  -AEEDATA=00h-0FFh/02100h -peeprom_data=EEDATA -DEEDATA=2 -DCODE=2 \
  -DSTRCODE=2 -DSTRING=2 -DCONST=2 -DENTRY=2 \
  -preset_vec=00h,intentry=04h,sivt,init,end_init -ppowerup=CODE \
  -pcinit=CODE -pfunctab=ENTRY -k \
  C:\Users\mylap\AppData\Local\Temp\xcAsc4c.\driver_tmp_12.o \
  dist/default/debug\Temperuture_Controlled_Fan_System.debug.o 

Object code version is 3.11

Machine type is 16F877A



                Name                               Link     Load   Length Selector   Space Scale
C:\Users\mylap\AppData\Local\Temp\xcAsc4c.\driver_tmp_12.o
                end_init                             10       10        3        8       0
                reset_vec                             0        0        3        0       0
                config                             2007     2007        1        0       4
dist/default/debug\Temperuture_Controlled_Fan_System.debug.o
                cinit                                13       13       1C        8       0
                functab                              2F       2F        D       5E       0
                intentry                              4        4        C        8       0
                config                             2007     2007        1        0       4
                text16                              2E8      2E8       A2       78       0
                text15                              582      582        7      AF6       0
                text14                              565      565        D       78       0
                text13                              57B      57B        7      AF6       0
                text12                              4F7      4F7       21       78       0
                text11                              4D4      4D4       23       78       0
                text10                              4B1      4B1       23       78       0
                text9                               48E      48E       23       78       0
                text8                                3C       3C       EC       78       0
                text7                               423      423       3F       78       0
                text6                               20A      20A       DE       78       0
                text5                               518      518       1E       78       0
                text4                               128      128       E2       78       0
                text3                               38A      38A       99       78       0
                text2                               558      558        D       78       0
                text1                               589      589        6      AF6       0
                maintext                            549      549        F       78       0
                cstackBANK0                          4C       4C        C       20       1
                cstackCOMMON                         70       70        B       70       1
                inittext                            536      536       13       78       0
                dataBANK0                            20       20       2C       20       1
                bssBANK0                             58       58        7       20       1
                bssCOMMON                            7B       7B        3       70       1
                strings                             572      572        9      AE4       0
                idataBANK0                          462      462       2C       78       0

TOTAL           Name                               Link     Load   Length     Space
        CLASS   CODE           
                end_init                             10       10        3         0
                cinit                                13       13       1C         0
                intentry                              4        4        C         0
                reset_vec                             0        0        3         0
                text16                              2E8      2E8       A2         0
                text15                              582      582        7         0
                text14                              565      565        D         0
                text13                              57B      57B        7         0
                text12                              4F7      4F7       21         0
                text11                              4D4      4D4       23         0
                text10                              4B1      4B1       23         0
                text9                               48E      48E       23         0
                text8                                3C       3C       EC         0
                text7                               423      423       3F         0
                text6                               20A      20A       DE         0
                text5                               518      518       1E         0
                text4                               128      128       E2         0
                text3                               38A      38A       99         0
                text2                               558      558        D         0
                text1                               589      589        6         0
                maintext                            549      549        F         0
                inittext                            536      536       13         0
                idataBANK0                          462      462       2C         0

        CLASS   STRCODE        

        CLASS   STRING         
                strings                             572      572        9         0

        CLASS   CONST          

        CLASS   ENTRY          
                functab                              2F       2F        D         0

        CLASS   COMMON         
                cstackCOMMON                         70       70        B         1
                bssCOMMON                            7B       7B        3         1

        CLASS   BANK0          
                cstackBANK0                          4C       4C        C         1
                dataBANK0                            20       20       2C         1
                bssBANK0                             58       58        7         1

        CLASS   BANK1          

        CLASS   BANK2          

        CLASS   BANK3          

        CLASS   RAM            

        CLASS   ABS1           
                abs_s1                               7E       7E        2         1

        CLASS   SFR0           

        CLASS   SFR1           

        CLASS   SFR2           

        CLASS   SFR3           

        CLASS   CONFIG         
                config                             2007     2007        1         4

        CLASS   IDLOC          

        CLASS   EEDATA         

        CLASS   HEAP           

        CLASS   STACK          



SEGMENTS        Name                           Load    Length   Top    Selector   Space  Class     Delta

                reset_vec                      000000  000003  000003         0       0  CODE        2
                intentry                       000004  00002B  00002F         8       0  CODE        2
                dataBANK0                      000020  00003F  00005F        20       1  BANK0       1
                functab                        00002F  00000D  00003C        5E       0  ENTRY       2
                cstackCOMMON                   000070  00000E  00007E        70       1  COMMON      1
                text8                          00003C  000536  000572        78       0  CODE        2
                strings                        000572  000009  00057B       AE4       0  STRING      2
                text13                         00057B  000014  00058F       AF6       0  CODE        2


UNUSED ADDRESS RANGES

        Name                Unused          Largest block    Delta
        BANK0            005F-006F             11           1
        BANK1            00A0-00EF             50           1
        BANK2            0110-016F             60           1
        BANK3            0190-01EF             60           1
        CODE             0003-0003              1           2
                         058F-1FFF            800
        CONST            0003-0003              1           2
                         058F-1FFF            100
        EEDATA           2100-21FF            100           2
        ENTRY            0003-0003              1           2
                         058F-1FFF            100
        IDLOC            2000-2003              4           2
        RAM              005F-006F             11           1
                         00A0-00EF             50
                         0110-016F             60
                         0190-01EF             60
        SFR0             0000-001F             20           1
        SFR1             0080-009F             20           1
        SFR2             0100-010F             10           1
        SFR3             0180-018F             10           1
        STRCODE          0003-0003              1           2
                         058F-1FFF           1A71
        STRING           0003-0003              1           2
                         058F-1FFF            100

                                  Symbol Table

EXT_Rbx_Fun@rbx                        cstackBANK0  004D
Enable_INTX@F1629                      dataBANK0    0040
Enable_RBX@rbx                         cstackBANK0  0053
ISR_RB4@n                              cstackCOMMON 0076
ISR_RB5@n                              cstackCOMMON 0076
ISR_RB6@n                              cstackCOMMON 0076
ISR_RB7@n                              cstackCOMMON 0076
_EXT_INTX_HANDLER                      bssCOMMON    007D
_EXT_RB4_HIGH_HANDLER                  bssCOMMON    007C
_EXT_RB4_LOW_HANDLER                   bssBANK0     005E
_EXT_RB5_HIGH_HANDLER                  bssBANK0     005D
_EXT_RB5_LOW_HANDLER                   bssBANK0     005C
_EXT_RB6_HIGH_HANDLER                  bssBANK0     005B
_EXT_RB6_LOW_HANDLER                   bssBANK0     005A
_EXT_RB7_HIGH_HANDLER                  bssBANK0     0059
_EXT_RB7_LOW_HANDLER                   bssBANK0     0058
_EXT_Rbx_Fun                           text7        0423
_Enable_RBX                            text5        0518
_INTCONbits                            (abs)        000B
_ISR_INTX                              text14       0565
_ISR_RB4                               text12       04F7
_ISR_RB5                               text11       04D4
_ISR_RB6                               text10       04B1
_ISR_RB7                               text9        048E
_InterruptManager                      text8        003C
_OPTION_REGbits                        (abs)        0081
_PORTA                                 (abs)        0005
_PORTB                                 (abs)        0006
_PORTBbits                             (abs)        0006
_PORTC                                 (abs)        0007
_PORTD                                 (abs)        0008
_PORTE                                 (abs)        0009
_TRISA                                 (abs)        0085
_TRISB                                 (abs)        0086
_TRISC                                 (abs)        0087
_TRISD                                 (abs)        0088
_TRISE                                 (abs)        0089
__H__absolute__                        __absolute__ 0000
__Habs1                                abs1         0078
__Hbank0                               bank0        0078
__Hbank1                               bank1        0078
__Hbank2                               bank2        0078
__Hbank3                               bank3        0078
__HbssBANK0                            bssBANK0     0078
__HbssCOMMON                           bssCOMMON    0078
__Hcinit                               cinit        002F
__Hclrtext                             clrtext      0078
__Hcode                                code         0078
__Hcommon                              common       0078
__Hconfig                              config       2008
__HcstackBANK0                         cstackBANK0  0078
__HcstackCOMMON                        cstackCOMMON 0078
__HdataBANK0                           dataBANK0    0078
__Heeprom_data                         eeprom_data  0000
__Hend_init                            end_init     0013
__Hfunctab                             functab      003C
__Hheap                                heap         0078
__HidataBANK0                          idataBANK0   0078
__Hinit                                init         0010
__Hinittext                            inittext     0078
__Hintentry                            intentry     0010
__Hmaintext                            maintext     0078
__Hpowerup                             powerup      0000
__Hram                                 ram          0078
__Hreset_vec                           reset_vec    0003
__Hsfr0                                sfr0         0078
__Hsfr1                                sfr1         0078
__Hsfr2                                sfr2         0078
__Hsfr3                                sfr3         0078
__Hsivt                                sivt         0010
__Hspace_0                             (abs)        058F
__Hspace_1                             (abs)        007E
__Hspace_2                             (abs)        0078
__Hspace_3                             (abs)        0000
__Hspace_4                             (abs)        400F
__Hstack                               stack        0078
__Hstrings                             strings      0078
__Htext                                text         0078
__L__absolute__                        __absolute__ 0000
__Labs1                                abs1         0078
__Lbank0                               bank0        0078
__Lbank1                               bank1        0078
__Lbank2                               bank2        0078
__Lbank3                               bank3        0078
__LbssBANK0                            bssBANK0     0078
__LbssCOMMON                           bssCOMMON    0078
__Lcinit                               cinit        0013
__Lclrtext                             clrtext      0078
__Lcode                                code         0078
__Lcommon                              common       0078
__Lconfig                              config       0000
__LcstackBANK0                         cstackBANK0  0078
__LcstackCOMMON                        cstackCOMMON 0078
__LdataBANK0                           dataBANK0    0078
__Leeprom_data                         eeprom_data  0000
__Lend_init                            end_init     0010
__Lfunctab                             functab      002F
__Lheap                                heap         0078
__LidataBANK0                          idataBANK0   0078
__Linit                                init         0010
__Linittext                            inittext     0078
__Lintentry                            intentry     0004
__Lmaintext                            maintext     0078
__Lpowerup                             powerup      0000
__Lram                                 ram          0078
__Lreset_vec                           reset_vec    0000
__Lsfr0                                sfr0         0078
__Lsfr1                                sfr1         0078
__Lsfr2                                sfr2         0078
__Lsfr3                                sfr3         0078
__Lsivt                                sivt         0010
__Lspace_0                             (abs)        0000
__Lspace_1                             (abs)        0000
__Lspace_2                             (abs)        0000
__Lspace_3                             (abs)        0000
__Lspace_4                             (abs)        0000
__Lstack                               stack        0078
__Lstrings                             strings      0078
__Ltext                                text         0078
__S0                                   (abs)        058F
__S1                                   (abs)        007E
__S3                                   (abs)        0000
___heap_hi                             (abs)        0000
___heap_lo                             (abs)        0000
___int_sp                              stack        0078
___int_stack_hi                        stack        0078
___int_stack_lo                        stack        0078
___latbits                             (abs)        0002
___sp                                  stack        0078
___stack_hi                            stack        0078
___stack_lo                            stack        0078
___stackhi                             (abs)        0000
___stacklo                             (abs)        0000
__end_of_EXT_Rbx_Fun                   text7        0462
__end_of_Enable_RBX                    text5        0536
__end_of_ISR_INTX                      text14       0572
__end_of_ISR_RB4                       text12       0518
__end_of_ISR_RB5                       text11       04F7
__end_of_ISR_RB6                       text10       04D4
__end_of_ISR_RB7                       text9        04B1
__end_of_InterruptManager              text8        0128
__end_of__i1fptable                    functab      003C
__end_of__initialization               cinit        002B
__end_of__stringtab                    strings      0578
__end_of_apllication_initilaize        text1        058F
__end_of_ecu_initialzie                text2        0565
__end_of_gpio_pin_direction_initialize text6        02E8
__end_of_gpio_pin_initialize           text3        0423
__end_of_gpio_pin_toggle_logic         text16       038A
__end_of_gpio_pin_write_logic          text4        020A
__end_of_isr                           text15       0589
__end_of_main                          maintext     0558
__end_of_rb_isr                        text13       0582
__i1fptable                            functab      0030
__initialization                       cinit        0013
__pbssBANK0                            bssBANK0     0058
__pbssCOMMON                           bssCOMMON    007B
__pcstackBANK0                         cstackBANK0  004C
__pcstackCOMMON                        cstackCOMMON 0070
__pdataBANK0                           dataBANK0    0020
__pfunctab                             functab      002F
__pidataBANK0                          idataBANK0   0462
__pintentry                            intentry     0004
__pmaintext                            maintext     0549
__pstrings                             strings      0572
__ptext1                               text1        0589
__ptext10                              text10       04B1
__ptext11                              text11       04D4
__ptext12                              text12       04F7
__ptext13                              text13       057B
__ptext14                              text14       0565
__ptext15                              text15       0582
__ptext16                              text16       02E8
__ptext2                               text2        0558
__ptext3                               text3        038A
__ptext4                               text4        0128
__ptext5                               text5        0518
__ptext6                               text6        020A
__ptext7                               text7        0423
__ptext8                               text8        003C
__ptext9                               text9        048E
__size_of__i1fptable                   (abs)        0000
__stringbase                           strings      0577
__stringtab                            strings      0572
_apllication_initilaize                text1        0589
_counter                               bssCOMMON    007B
_ecu_initialzie                        text2        0558
_gpio_pin_direction_initialize         text6        020A
_gpio_pin_initialize                   text3        038A
_gpio_pin_toggle_logic                 text16       02E8
_gpio_pin_write_logic                  text4        0128
_isr                                   text15       0582
_main                                  maintext     0549
_pin1                                  dataBANK0    004B
_pin2                                  dataBANK0    004A
_port_registers                        dataBANK0    0020
_rb2                                   dataBANK0    0047
_rb_isr                                text13       057B
_tris_registers                        dataBANK0    002A
btemp                                  (abs)        007E
end_of_initialization                  cinit        002B
fpbase                                 (abs)        0000
fptable                                functab      002F
fptotal                                (abs)        0000
gpio_pin_direction_initialize@pin      cstackBANK0  0052
gpio_pin_direction_initialize@ret      cstackBANK0  0051
gpio_pin_initialize@pin                cstackBANK0  0057
gpio_pin_initialize@ret                cstackBANK0  0056
gpio_pin_toggle_logic@pin              cstackCOMMON 0075
gpio_pin_write_logic@logic             cstackBANK0  004C
gpio_pin_write_logic@pin               cstackBANK0  0053
gpio_pin_write_logic@ret               cstackBANK0  0052
i1fpbase                               functab      0035
i1fptable                              functab      0030
i1fptotal                              (abs)        0005
init_fetch0                            inittext     0536
init_ram0                              inittext     053A
interrupt_function                     intentry     0004
intlevel0                              functab      002F
intlevel1                              functab      002F
intlevel2                              functab      002F
intlevel3                              functab      002F
intlevel4                              functab      002F
intlevel5                              functab      002F
reset_vec                              reset_vec    0000
saved_w                                (abs)        007E
start                                  init         0010
start_initialization                   cinit        0013
wtemp0                                 (abs)        007E


MODULE INFORMATION

Module		Function		Class		Link	Load	Size
Temperature_Controlled_Fan_System.c
		_main          		CODE           	0549	0000	15
		_rb_isr        		CODE           	057B	0000	7
		_isr           		CODE           	0582	0000	7
		_apllication_initilaize		CODE           	0589	0000	6

Temperature_Controlled_Fan_System.c estimated size: 35

MCAL_LAYER/INTERRUPT/interrupt_manager.c
		_InterruptManager		CODE           	003C	0000	236

MCAL_LAYER/INTERRUPT/interrupt_manager.c estimated size: 236

MCAL_LAYER/GPIO/mcal_gpio.c
		_gpio_pin_write_logic		CODE           	0128	0000	226
		_gpio_pin_direction_initialize		CODE           	020A	0000	222
		_gpio_pin_toggle_logic		CODE           	02E8	0000	162
		_gpio_pin_initialize		CODE           	038A	0000	153

MCAL_LAYER/GPIO/mcal_gpio.c estimated size: 763

MCAL_LAYER/INTERRUPT/external_interrupt.c
		_ISR_RB6       		CODE           	04B1	0000	35
		_Enable_RBX    		CODE           	0518	0000	30
		_ISR_INTX      		CODE           	0565	0000	13
		_ISR_RB5       		CODE           	04D4	0000	35
		_EXT_Rbx_Fun   		CODE           	0423	0000	63
		_ISR_RB4       		CODE           	04F7	0000	33
		_ISR_RB7       		CODE           	048E	0000	35

MCAL_LAYER/INTERRUPT/external_interrupt.c estimated size: 244

ECU_LAYER/ECU_LAYER.c
		_ecu_initialzie		CODE           	0558	0000	13

ECU_LAYER/ECU_LAYER.c estimated size: 13

shared
		__stringtab    		STRING         	0572	0000	6
		__i1fptable    		ENTRY          	0030	0000	12
		__initialization		CODE           	0013	0000	24

shared estimated size: 42

